
 Start         Length     Name                   Class
 0001:00401000 000CE074H .text                   CODE
 0002:004D0000 00000E2CH .itext                  ICODE
 0003:004D1000 00003CF4H .data                   DATA
 0004:004D5000 0000688CH .bss                    BSS
 0005:00000000 00000020H .tls                    TLS
 0006:00400000 00000000H .pdata                  PDATA


Detailed map of segments

 0001:00000000 00010C60 C=CODE     S=.text    G=(none)   M=System   ACBP=A9
 0001:00010C60 00000C9C C=CODE     S=.text    G=(none)   M=SysInit  ACBP=A9
 0001:000118FC 00000DB0 C=CODE     S=.text    G=(none)   M=System.Types ACBP=A9
 0001:000126AC 0000000C C=CODE     S=.text    G=(none)   M=System.UITypes ACBP=A9
 0001:000126B8 000003A4 C=CODE     S=.text    G=(none)   M=Winapi.Windows ACBP=A9
 0001:00012A5C 000003A0 C=CODE     S=.text    G=(none)   M=System.SysConst ACBP=A9
 0001:00012DFC 00000024 C=CODE     S=.text    G=(none)   M=Winapi.PsAPI ACBP=A9
 0001:00012E20 00000270 C=CODE     S=.text    G=(none)   M=System.RTLConsts ACBP=A9
 0001:00013090 00006218 C=CODE     S=.text    G=(none)   M=System.Character ACBP=A9
 0001:000192A8 00000278 C=CODE     S=.text    G=(none)   M=System.Internal.ExcUtils ACBP=A9
 0001:00019520 00016D08 C=CODE     S=.text    G=(none)   M=System.SysUtils ACBP=A9
 0001:00030228 000000C4 C=CODE     S=.text    G=(none)   M=System.Math ACBP=A9
 0001:000302EC 00000844 C=CODE     S=.text    G=(none)   M=System.VarUtils ACBP=A9
 0001:00030B30 000092FC C=CODE     S=.text    G=(none)   M=System.Variants ACBP=A9
 0001:00039E2C 000046F4 C=CODE     S=.text    G=(none)   M=System.TypInfo ACBP=A9
 0001:0003E520 000392C8 C=CODE     S=.text    G=(none)   M=System.Rtti ACBP=A9
 0001:000777E8 00000194 C=CODE     S=.text    G=(none)   M=System.Diagnostics ACBP=A9
 0001:0007797C 0004EB18 C=CODE     S=.text    G=(none)   M=System.Classes ACBP=A9
 0001:000C6494 0000001C C=CODE     S=.text    G=(none)   M=System.Hash ACBP=A9
 0001:000C64B0 00001E08 C=CODE     S=.text    G=(none)   M=System.Generics.Defaults ACBP=A9
 0001:000C82B8 000026E8 C=CODE     S=.text    G=(none)   M=System.Generics.Collections ACBP=A9
 0001:000CA9A0 00000064 C=CODE     S=.text    G=(none)   M=System.DateUtils ACBP=A9
 0001:000CAA04 00000580 C=CODE     S=.text    G=(none)   M=uNixTime ACBP=A9
 0001:000CAF84 000030F0 C=CODE     S=.text    G=(none)   M=UnixTimeTest ACBP=A9
 0002:00000000 000000EC C=ICODE    S=.itext   G=(none)   M=System   ACBP=A9
 0002:000000EC 00000008 C=ICODE    S=.itext   G=(none)   M=SysInit  ACBP=A9
 0002:000000F4 00000014 C=ICODE    S=.itext   G=(none)   M=System.UITypes ACBP=A9
 0002:00000108 00000018 C=ICODE    S=.itext   G=(none)   M=Winapi.Windows ACBP=A9
 0002:00000120 00000008 C=ICODE    S=.itext   G=(none)   M=Winapi.PsAPI ACBP=A9
 0002:00000128 00000010 C=ICODE    S=.itext   G=(none)   M=System.Character ACBP=A9
 0002:00000138 00000020 C=ICODE    S=.itext   G=(none)   M=System.Internal.ExcUtils ACBP=A9
 0002:00000158 0000081C C=ICODE    S=.itext   G=(none)   M=System.SysUtils ACBP=A9
 0002:00000974 00000010 C=ICODE    S=.itext   G=(none)   M=System.Math ACBP=A9
 0002:00000984 00000010 C=ICODE    S=.itext   G=(none)   M=System.VarUtils ACBP=A9
 0002:00000994 000000C0 C=ICODE    S=.itext   G=(none)   M=System.Variants ACBP=A9
 0002:00000A54 00000008 C=ICODE    S=.itext   G=(none)   M=System.TypInfo ACBP=A9
 0002:00000A5C 000000DC C=ICODE    S=.itext   G=(none)   M=System.Rtti ACBP=A9
 0002:00000B38 0000019C C=ICODE    S=.itext   G=(none)   M=System.Classes ACBP=A9
 0002:00000CD4 00000008 C=ICODE    S=.itext   G=(none)   M=System.Generics.Defaults ACBP=A9
 0002:00000CDC 00000014 C=ICODE    S=.itext   G=(none)   M=System.DateUtils ACBP=A9
 0002:00000CF0 0000013C C=ICODE    S=.itext   G=(none)   M=UnixTimeTest ACBP=A9
 0003:00000000 00000C20 C=DATA     S=.data    G=DGROUP   M=System   ACBP=A9
 0003:00000C20 0000007C C=DATA     S=.data    G=DGROUP   M=SysInit  ACBP=A9
 0003:00000C9C 00000010 C=DATA     S=.data    G=DGROUP   M=System.Types ACBP=A9
 0003:00000CAC 0000000C C=DATA     S=.data    G=DGROUP   M=Winapi.Windows ACBP=A9
 0003:00000CB8 00000124 C=DATA     S=.data    G=DGROUP   M=System.Internal.ExcUtils ACBP=A9
 0003:00000DDC 00001958 C=DATA     S=.data    G=DGROUP   M=System.SysUtils ACBP=A9
 0003:00002734 00000008 C=DATA     S=.data    G=DGROUP   M=System.VarUtils ACBP=A9
 0003:0000273C 0000014C C=DATA     S=.data    G=DGROUP   M=System.Variants ACBP=A9
 0003:00002888 00000028 C=DATA     S=.data    G=DGROUP   M=System.TypInfo ACBP=A9
 0003:000028B0 00000A48 C=DATA     S=.data    G=DGROUP   M=System.Rtti ACBP=A9
 0003:000032F8 0000006C C=DATA     S=.data    G=DGROUP   M=System.Classes ACBP=A9
 0003:00003364 000005C8 C=DATA     S=.data    G=DGROUP   M=System.Generics.Defaults ACBP=A9
 0003:0000392C 0000000C C=DATA     S=.data    G=DGROUP   M=System.DateUtils ACBP=A9
 0004:00000000 00003630 C=BSS      S=.bss     G=DGROUP   M=System   ACBP=A9
 0004:00003630 00000024 C=BSS      S=.bss     G=DGROUP   M=SysInit  ACBP=A9
 0004:00003654 00000004 C=BSS      S=.bss     G=DGROUP   M=System.Types ACBP=A9
 0004:00003658 00000008 C=BSS      S=.bss     G=DGROUP   M=System.UITypes ACBP=A9
 0004:00003660 00000008 C=BSS      S=.bss     G=DGROUP   M=Winapi.Windows ACBP=A9
 0004:00003668 00000008 C=BSS      S=.bss     G=DGROUP   M=Winapi.PsAPI ACBP=A9
 0004:00003670 00000024 C=BSS      S=.bss     G=DGROUP   M=System.Character ACBP=A9
 0004:00003694 00000004 C=BSS      S=.bss     G=DGROUP   M=System.Internal.ExcUtils ACBP=A9
 0004:00003698 00002674 C=BSS      S=.bss     G=DGROUP   M=System.SysUtils ACBP=A9
 0004:00005D0C 00000004 C=BSS      S=.bss     G=DGROUP   M=System.Math ACBP=A9
 0004:00005D10 0000005C C=BSS      S=.bss     G=DGROUP   M=System.VarUtils ACBP=A9
 0004:00005D6C 00000634 C=BSS      S=.bss     G=DGROUP   M=System.Variants ACBP=A9
 0004:000063A0 00000404 C=BSS      S=.bss     G=DGROUP   M=System.TypInfo ACBP=A9
 0004:000067A4 00000050 C=BSS      S=.bss     G=DGROUP   M=System.Rtti ACBP=A9
 0004:000067F4 0000001C C=BSS      S=.bss     G=DGROUP   M=System.Diagnostics ACBP=A9
 0004:00006810 00000070 C=BSS      S=.bss     G=DGROUP   M=System.Classes ACBP=A9
 0004:00006880 00000008 C=BSS      S=.bss     G=DGROUP   M=System.Generics.Defaults ACBP=A9
 0004:00006888 00000004 C=BSS      S=.bss     G=DGROUP   M=System.DateUtils ACBP=A9
 0005:00000000 00000010 C=TLS      S=.tls     G=(none)   M=System   ACBP=A9
 0005:00000010 00000004 C=TLS      S=.tls     G=(none)   M=System.SysUtils ACBP=A9
 0005:00000014 0000000C C=TLS      S=.tls     G=(none)   M=System.Classes ACBP=A9


  Address             Publics by Name

 0001:000117F4       SysInit...
 0003:00000C48       SysInit...
 0001:000118DC       SysInit...
 0001:000117D4       SysInit...
 0001:000118CC       SysInit...
 0001:00011804       SysInit...
 0001:000118A8       SysInit...
 0001:00011814       SysInit...
 0001:00011824       SysInit...
 0001:000117E4       SysInit...
 0001:00011838       SysInit...
 0001:00011868       SysInit...
 0001:00011880       SysInit...
 0004:00003648       SysInit..1
 0001:00010CC0       SysInit.@DelayLoadHelper2
 0001:00010D64       SysInit.@GetTls
 0001:000112D0       SysInit.@InitExe
 0001:00010DB0       SysInit.@_dbkDummyProc
 0001:00010DB4       SysInit.@_dbkFCallArgs
 0001:000111A4       SysInit.@_dbk_fcall_wrapper
 0001:00011324       SysInit.@_delayLoadHelper2
 0001:00011604       SysInit.@_FUnloadDelayLoadedDLL2
 0001:00011714       SysInit.@_HrLoadAllImportsForDll
 0004:00003644       SysInit.@_pfnDliFailureHook2
 0004:00003640       SysInit.@_pfnDliNotifyHook2
 0001:00010CC8       SysInit.AllocTlsBuffer
 0004:0000363C       SysInit.dbkFCallWrapperAddr
 0003:00000C28       SysInit.DelayLoadHelper
 0001:000118EC       SysInit.Finalization
 0001:00010C70       SysInit.FreeLibrary
 0001:00010CA0       SysInit.GetLastError
 0001:00010C78       SysInit.GetModuleHandle
 0001:00010CB8       SysInit.GetProcAddress
 0001:00010CD4       SysInit.GetTlsSize
 0004:00003634       SysInit.HInstance
 0001:00010DA4       SysInit.InitializeModule
 0001:00010CDC       SysInit.InitThreadTLS
 0001:00010C60       SysInit.InterlockedExchange
 0001:00010D20       SysInit.isWine
 0001:00010CA8       SysInit.LoadLibraryA
 0001:00010C80       SysInit.LocalAlloc
 0001:00010C88       SysInit.LocalFree
 0003:00000C2C       SysInit.Module
 0004:00003630       SysInit.ModuleIsCpp
 0003:00000C24       SysInit.PtrToNil
 0001:00010CB0       SysInit.RaiseException
 0001:000117CC       SysInit.ShutdownDelayHelp2
 0002:000000EC       SysInit.SysInit
 0004:0000364C       SysInit.tlsBuffer
 0001:00010C90       SysInit.TlsGetValue
 0003:00000C20       SysInit.TlsIndex
 0005:00000020       SysInit.TlsLast
 0001:00010C98       SysInit.TlsSetValue
 0004:00003650       SysInit.UseTlsAPI
 0004:FFF2B000       SysInit.__ImageBase
 0001:00004388       System.$thunk_GetLogicalProcessorInformation
 0001:00004308       System.$thunk_MessageBoxA
 0004:0000098C       System..81
 0001:00001260       System..HPPGENAttribute
 0001:00000FC4       System..TCustomAttribute
 0001:000017D4       System..TInterfacedObject
 0001:0000231C       System..TMarshal
 0001:000019BC       System..TNoRefCountObject
 0001:00000724       System..TObject
 0001:00001120       System..UnsafeAttribute
 0001:000011C0       System..VolatileAttribute
 0001:00001088       System..WeakAttribute
 0001:00006B10       System.@AbstractError
 0001:0000BCD4       System.@AddRefArray
 0001:0000BC84       System.@AddRefRecord
 0001:00008954       System.@AfterConstruction
 0001:0000862C       System.@AsClass
 0001:0000A6F4       System.@AStrCmp
 0001:000089A4       System.@BeforeDestruction
 0001:00007F30       System.@BoundErr
 0001:000086F4       System.@CallDynaInst
 0001:000088FC       System.@ClassCreate
 0001:0000894C       System.@ClassDestroy
 0001:0000FD04       System.@CleanupInstance
 0001:00006F54       System.@Close
 0001:0000C1E8       System.@CopyArray
 0001:0000BDC0       System.@CopyRecord
 0001:0000C6C4       System.@DispCallByIDError
 0001:0000C424       System.@Dispose
 0001:00009874       System.@DoneExcept
 0001:0000D108       System.@DynArrayAddRef
 0001:0000D0CC       System.@DynArrayAsg
 0001:0000D118       System.@DynArrayCat
 0001:0000D088       System.@DynArrayClear
 0001:0000CF70       System.@DynArrayCopy
 0001:0000CF94       System.@DynArrayCopyRange
 0001:0000D21C       System.@DynArrayDelete
 0001:0000D30C       System.@DynArrayInsertElem
 0001:0000CF64       System.@DynArraySetLength
 0001:0000995C       System.@ExceptionHandler
 0001:00006FC0       System.@FillChar
 0001:0000BC78       System.@Finalize
 0001:0000BA58       System.@FinalizeArray
 0001:0000B61C       System.@FinalizeRecord
 0001:00009C8C       System.@FinalizeResStringImports
 0001:00006F48       System.@Flush
 0001:00007F24       System.@FpuInit
 0001:00005FC4       System.@FreeMem
 0001:000071C8       System.@GetAnsiChar
 0001:00007E38       System.@GetCPUID
 0001:00005FA8       System.@GetMem
 0001:00007390       System.@GetWideChar
 0001:00009F18       System.@Halt
 0001:00009DE8       System.@Halt0
 0001:0000941C       System.@HandleAnyException
 0001:000096D0       System.@HandleFinally
 0001:00009778       System.@HandleFinallyInternal
 0001:00009548       System.@HandleOnException
 0001:0000B56C       System.@Initialize
 0001:0000B488       System.@InitializeArray
 0001:00007F08       System.@InitializeControlWord
 0001:0000B230       System.@InitializeRecord
 0001:00009C68       System.@InitImports
 0001:00009C20       System.@InitResStringImports
 0001:0000EA50       System.@IntfAddRef
 0001:0000865C       System.@IntfAsClass
 0001:0000EA20       System.@IntfCast
 0001:0000E9DC       System.@IntfClear
 0001:0000E9F4       System.@IntfCopy
 0001:000086AC       System.@IntfIsClass
 0001:0000FD20       System.@IntfWeakClear
 0001:0000FD4C       System.@IntfWeakCopy
 0001:00007F38       System.@IntOver
 0001:00008608       System.@IsClass
 0001:0000A1BC       System.@LStrAddRef
 0001:0000A150       System.@LStrArrayClr
 0001:0000A544       System.@LStrAsg
 0001:0000A854       System.@LStrCat
 0001:0000A0DC       System.@LStrClr
 0001:0000A8AC       System.@LStrEqual
 0001:0000A790       System.@LStrFromPChar
 0001:0000A2A4       System.@LStrFromPCharLen
 0001:0000A7C4       System.@LStrFromPWChar
 0001:0000A424       System.@LStrFromPWCharLen
 0001:0000A804       System.@LStrFromString
 0001:0000A9B4       System.@LStrFromUStr
 0001:0000A818       System.@LStrFromWStr
 0001:0000A59C       System.@LStrLen
 0001:0000A93C       System.@LStrSetLength
 0001:0000A92C       System.@LStrToPChar
 0001:0000A830       System.@LStrToString
 0001:0000C410       System.@New
 0001:0000A04C       System.@NewAnsiString
 0001:0000A00C       System.@NewUnicodeString
 0001:0000A0A0       System.@NewWideString
 0001:0000A5A8       System.@PCharLen
 0001:00007D84       System.@Pow10
 0001:0000A670       System.@PStrCmp
 0001:0000A764       System.@PStrCpy
 0001:0000A770       System.@PStrNCpy
 0001:0000A5BC       System.@PWCharLen
 0001:00009820       System.@RaiseAgain
 0001:000097B0       System.@RaiseExcept
 0001:000070DC       System.@ReadByte
 0001:000075E4       System.@ReadLn
 0001:00007150       System.@ReadWord
 0001:00005FDC       System.@ReallocMem
 0001:00006BA8       System.@ResetText
 0001:00006BB4       System.@RewritText
 0001:00006AE0       System.@ROUND
 0001:00009F24       System.@RunError
 0001:00008678       System.@SafeIntfAsClass
 0001:0000A78C       System.@SetLength
 0001:00007364       System.@SkipAnsiChar
 0001:000075B4       System.@SkipWideChar
 0001:00009B18       System.@StartExe
 0001:0000C8C4       System.@StrInt64
 0001:00004370       System.@strlen
 0001:0000C820       System.@StrUInt64Digits
 0001:00006AEC       System.@TRUNC
 0001:000098A4       System.@TryFinallyExit
 0001:0000A660       System.@UniqueStringA
 0001:0000A658       System.@UniqueStringU
 0001:0000A1AC       System.@UStrAddRef
 0001:0000A118       System.@UStrArrayClr
 0001:0000A4A8       System.@UStrAsg
 0001:0000AD6C       System.@UStrCat
 0001:0000ADC4       System.@UStrCat3
 0001:0000AE4C       System.@UStrCatN
 0001:0000A0B8       System.@UStrClr
 0001:0000AF34       System.@UStrCopy
 0001:0000AF7C       System.@UStrDelete
 0001:0000AEFC       System.@UStrEqual
 0001:0000AB88       System.@UStrFromChar
 0001:0000AC30       System.@UStrFromLStr
 0001:0000ABA8       System.@UStrFromPChar
 0001:0000A370       System.@UStrFromPCharLen
 0001:0000ABD8       System.@UStrFromPWChar
 0001:0000A250       System.@UStrFromPWCharLen
 0001:0000ACE0       System.@UStrFromString
 0001:0000AC14       System.@UStrFromWArray
 0001:0000AB98       System.@UStrFromWChar
 0001:0000AC50       System.@UStrFromWStr
 0001:0000A4F0       System.@UStrLAsg
 0001:0000A590       System.@UStrLen
 0001:0000AFD8       System.@UStrPos
 0001:0000ACEC       System.@UStrSetLength
 0001:0000AB78       System.@UStrToPWChar
 0001:0000AC74       System.@UStrToString
 0001:0000C954       System.@ValInt64
 0001:00007658       System.@ValLong
 0001:0000BCBC       System.@VarAddRef
 0001:0000B604       System.@VarClr
 0001:0000BD9C       System.@VarCopy
 0001:00007944       System.@Write0Char
 0001:0000C940       System.@Write0Int64
 0001:00007ADC       System.@Write0LString
 0001:00007A6C       System.@Write0String
 0001:00007C4C       System.@Write0UString
 0001:000077A0       System.@WriteBytes
 0001:0000C904       System.@WriteInt64
 0001:00007D50       System.@WriteLn
 0001:00007B80       System.@WriteLString
 0001:000077F4       System.@WriteSpaces
 0001:00007A7C       System.@WriteString
 0001:00007C54       System.@WriteUString
 0001:0000A1CC       System.@WStrAddRef
 0001:0000A188       System.@WStrArrayClr
 0001:0000A51C       System.@WStrAsg
 0001:0000A100       System.@WStrClr
 0001:0000AAA4       System.@WStrCmp
 0001:0000AB28       System.@WStrEqual
 0001:0000A9DC       System.@WStrFromChar
 0001:0000AA70       System.@WStrFromLStr
 0001:0000AA04       System.@WStrFromPChar
 0001:0000A414       System.@WStrFromPCharLen
 0001:0000AA34       System.@WStrFromPWChar
 0001:0000A280       System.@WStrFromPWCharLen
 0001:0000AC64       System.@WStrFromUStr
 0001:0000A9F4       System.@WStrFromWChar
 0001:0000AB30       System.@WStrSetLength
 0001:0000AA90       System.@WStrToPWChar
 0001:00006B34       System.@_FlushMBCSBuffer
 0001:0000611C       System.@_IOTest
 0001:0000C6F0       System.@_lldiv
 0001:0000C6CC       System.@_llmul
 0001:0000C784       System.@_lludiv
 0001:0000C7D0       System.@_llumod
 0004:0000003C       System.AbstractErrorProc
 0001:0000606C       System.AcquireExceptionObject
 0001:0000E868       System.AddModuleUnloadProc
 0001:0000E878       System.AddModuleUnloadProc
 0001:0000484C       System.AllocateLargeBlock
 0001:00005F90       System.AllocMem
 0001:00004784       System.AllocNewSequentialFeedMediumPool
 0004:00000990       System.AllocSize2SmallBlockTypeIndX4
 0003:00000048       System.AlternateWriteUnicodeStringProc
 0003:00000070       System.AnsiStringBlockMessage
 0001:000054F4       System.AppendClassNameToBuffer
 0001:000054DC       System.AppendStringToBuffer
 0001:0000F0B8       System.ArrayOfPointerClear
 0001:0000F0E8       System.ArrayOfPointerSetLength
 0004:00000034       System.AssertErrorProc
 0001:00009F78       System.BeginThread
 0001:00004718       System.BinMediumSequentialFeedRemainder
 0001:00005D1C       System.BuildBlockTypeLookupTable
 0003:00000068       System.BytesMessage
 0004:00002C2C       System.CachedLangID
 0004:00002C2E       System.CachedLanguageNames
 0001:0000A1EC       System.CharFromWChar
 0001:0000A218       System.CharFromWChar
 0001:000042E8       System.CharNext
 0001:0000DB70       System.CheckDifferentLanguageList
 0001:00009398       System.CheckJmp
 0001:00005754       System.CheckSmallBlockPoolForLeaks
 0001:00004190       System.CloseHandle
 0004:00000050       System.CmdLine
 0004:0000004C       System.CmdShow
 0001:000042F0       System.CompareString
 0001:0000D8F4       System.ConvertResToUILanguages
 0001:0000C434       System.CopyArray
 0004:00000060       System.CPUCount
 0004:000008FC       System.CPUIDTable
 0001:000041A0       System.CreateFile
 0001:00004208       System.CreateThread
 0004:00002C14       System.CrSec
 0003:00000030       System.DebugHook
 0003:00000028       System.Default8087CW
 0003:0000002C       System.DefaultMXCSR
 0004:0000097C       System.DefaultSystemCodePage
 0003:00000033       System.DefaultTextLineBreakStyle
 0004:00000980       System.DefaultUnicodeCodePage
 0001:0000D4B0       System.DelayLoadResourceModule
 0001:00004200       System.DeleteCriticalSection
 0004:00000008       System.DispCallByIDProc
 0004:00002BCC       System.DLLThreadContext
 0001:0000CC9C       System.DynArraySetLength
 0003:00000A08       System.EmptyStringA
 0003:00000A0C       System.EmptyStringW
 0001:00009FF0       System.EndThread
 0001:000041F0       System.EnterCriticalSection
 0001:0000E83C       System.EnumResourceModules
 0003:00000024       System.ERMSBThreshold
 0003:000009D3       System.errCaption
 0001:00006104       System.Error
 0003:00000004       System.ErrorAddr
 0001:000060B8       System.ErrorAt
 0004:00000010       System.ErrorProc
 0004:0000061C       System.ErrOutput
 0001:0000604C       System.ExceptAddr
 0004:00000014       System.ExceptClsProc
 0004:00000028       System.ExceptionAcquired
 0004:0000002C       System.ExceptionClass
 0001:0000602C       System.ExceptObject
 0004:00000018       System.ExceptObjProc
 0004:0000000C       System.ExceptProc
 0003:00000000       System.ExitCode
 0001:00009D24       System.ExitDll
 0004:00000054       System.ExitProc
 0001:00004228       System.ExitProcess
 0004:00000038       System.ExitProcessProc
 0001:00004220       System.ExitThread
 0004:00002B8C       System.ExpectedMemoryLeaks
 0004:00002B90       System.ExpectedMemoryLeaksListLocked
 0003:00000008       System.FileMode
 0001:00006BFC       System.FileNOPProc
 0001:00010BD8       System.Finalization
 0001:0000C44C       System.FinalizeArray
 0001:0000B94C       System.FinalizeExcept
 0001:0000D848       System.FinalizeLocaleDate
 0001:00005F3C       System.FinalizeMemoryManager
 0001:0000C454       System.FinalizeRecord
 0001:00009A44       System.FinalizeUnits
 0001:0000DE18       System.FindBS
 0001:000041D8       System.FindClose
 0001:000041E0       System.FindFirstFile
 0001:0000D4F8       System.FindResourceHInstance
 0001:00006F3C       System.Flush
 0001:00007D7C       System.FPower10
 0001:00005E8C       System.FreeAllMemory
 0001:000048B0       System.FreeLargeBlock
 0001:00004250       System.FreeLibrary
 0001:00004290       System.GetACP
 0001:00007EAC       System.GetBriefSSEType
 0001:0000616C       System.GetCacheSize
 0001:000043C8       System.GetCmdShow
 0001:00004260       System.GetCommandLine
 0001:00004298       System.GetConsoleCP
 0001:000042A0       System.GetConsoleOutputCP
 0001:00010110       System.GetCPUCount
 0001:00007E74       System.GetCPUID
 0001:00004210       System.GetCurrentThreadId
 0001:000086C4       System.GetDynaMethod
 0001:000041A8       System.GetFileSize
 0001:000041B0       System.GetFileType
 0001:00005450       System.GetFirstAndLastSmallBlockInPool
 0001:00005410       System.GetFirstMediumBlockInPool
 0001:00004248       System.GetLastError
 0001:000042B8       System.GetLocaleInfo
 0001:0000E35C       System.GetLocaleOverride
 0001:00004398       System.GetLogicalProcessorInformation
 0001:00004268       System.GetModuleFileName
 0001:00004270       System.GetModuleHandle
 0001:00008F64       System.GetMonitorFieldAddress
 0001:000065F8       System.GetMXCSR
 0001:00005620       System.GetObjectClass
 0001:0000DBD8       System.GetPreferredLangForNewOS
 0001:0000D9D8       System.GetPreferredLangForOldOS
 0001:00004278       System.GetProcAddress
 0001:000043A0       System.GetProcessHeap
 0001:0000E648       System.GetResourceModuleName
 0001:00004280       System.GetStartupInfo
 0001:00004198       System.GetStdHandle
 0001:000042C8       System.GetSystemDefaultUILanguage
 0001:00004340       System.GetSystemInfo
 0004:00002C04       System.GetThreadPreferredUILanguages
 0004:00002C0C       System.GetThreadUILanguage
 0001:00004348       System.GetTickCount
 0001:0000DCF4       System.GetUILanguages
 0001:000042C0       System.GetUserDefaultUILanguage
 0001:00004338       System.GetVersion
 0001:0000B578       System.HasRecordInitializer
 0001:000043A8       System.HeapAlloc
 0001:000043B0       System.HeapFree
 0003:000009F7       System.hexDigits
 0001:00006AB8       System.HPPGENAttribute.Create
 0001:00006A98       System.HPPGENAttribute.Create
 0004:00002B9C       System.InitContext
 0001:0000B3CC       System.InitializeArray
 0001:00006330       System.InitializeAVX
 0001:00007ECC       System.InitializeCPUID
 0001:00007E50       System.InitializeCPUIDAvailable
 0001:000041E8       System.InitializeCriticalSection
 0001:00006FAC       System.InitializeERMSBThreshold
 0001:0000D758       System.InitializeLocaleData
 0001:00005D60       System.InitializeMemoryManager
 0001:00009AAC       System.InitUnits
 0005:00000004       System.InOutRes
 0004:00000064       System.Input
 0001:000046B8       System.InsertMediumBlockIntoBin
 0004:00002CD8       System.InstHashMap
 0001:00006C3C       System.InternalClose
 0001:00006EF4       System.InternalFlush
 0001:0000E03C       System.InternalGetLocaleOverride
 0001:0000CBB4       System.InternalHasWeakRef
 0001:000055A0       System.InternalIsValidClass
 0001:0000A614       System.InternalUniqueStringA
 0001:0000A5D0       System.InternalUniqueStringU
 0001:0000A2DC       System.InternalUStrFromPCharLen
 0001:00007FC0       System.InternalUTF8ShortShortCompare
 0001:00007F40       System.InternalUTF8ShortStringCompare
 0001:0000A380       System.InternalWStrFromPCharLen
 0001:00008410       System.InvokeImplGetter
 0001:0000C45C       System.InvokeRecordInitializer
 0001:0000C574       System.InvokeRecordInitializerArray
 0001:0000614C       System.IOResult
 0004:00000058       System.IsConsole
 0003:000009D2       System.IsCPUIDAvailableFlag
 0001:000042E0       System.IsDBCSLeadByteEx
 0004:00000048       System.IsLibrary
 0004:00000059       System.IsMultiThread
 0001:000042D8       System.IsValidLocale
 0001:00005528       System.IsValidVMTAddress
 0001:0000631C       System.IsWindows7SP1OrHigher
 0001:00006290       System.IsWindowsVersionOrGreater
 0003:00000031       System.JITEnable
 0001:00004378       System.kernel32.dll
 0004:00002B7C       System.LargeBlocksCircularList
 0004:00002B78       System.LargeBlocksLocked
 0003:00000064       System.LargeLeakDetail
 0001:0000D888       System.LastHyphenPos
 0004:00000AEC       System.LastSequentiallyFedMediumBlock
 0003:00000078       System.LeakMessageFooter
 0003:0000005C       System.LeakMessageHeader
 0003:0000007C       System.LeakMessageTitle
 0001:000041F8       System.LeaveCriticalSection
 0003:0000003C       System.LibModuleList
 0001:0000E578       System.Load3LettersModule
 0001:0000E490       System.LoadLanguageList
 0001:00004288       System.LoadLibraryEx
 0001:0000E770       System.LoadResourceModule
 0001:00010048       System.LoadResString
 0001:00009B60       System.LoadResStringA
 0003:00000044       System.LoadResStringFunc
 0001:00009C0C       System.LoadResStringU
 0001:00009BB8       System.LoadResStringW
 0001:00004258       System.LoadString
 0001:000100C8       System.LocaleCharsFromUnicode
 0003:00000A10       System.LocaleTable
 0001:00005648       System.LockExpectedMemoryLeaksList
 0001:00004800       System.LockLargeBlocks
 0004:00000040       System.MainInstance
 0004:00000044       System.MainThreadID
 0001:00009CC8       System.MakeErrorMessage
 0004:00002B94       System.MappingObjectHandle
 0001:000098BC       System.MapToRunError
 0001:0000FCAC       System.MarkWeakReferenced
 0004:00000AF8       System.MediumBlockBinBitmaps
 0004:00000AF4       System.MediumBlockBinGroupBitmap
 0004:00000B78       System.MediumBlockBins
 0004:00000AD8       System.MediumBlockPoolsCircularList
 0004:00000AE8       System.MediumBlocksLocked
 0004:00000AF0       System.MediumSequentialFeedBytesLeft
 0003:00000760       System.MemoryManager
 0001:00004318       System.MessageBoxA
 0004:00000AD6       System.MinimumBlockAlignment
 0003:00000040       System.ModuleUnloadList
 0004:000008F8       System.MonitorSupport
 0001:000063B0       System.Move
 0001:000044F4       System.Move12
 0001:00004508       System.Move20
 0001:00004528       System.Move28
 0001:00004554       System.Move36
 0001:00004574       System.Move44
 0001:00004598       System.Move52
 0001:000045C4       System.Move60
 0001:000045F4       System.Move68
 0001:0000C30C       System.MoveArray
 0001:0000BF8C       System.MoveRecord
 0001:0000462C       System.MoveX16LP
 0001:0000465C       System.MoveX8LP
 0001:000042A8       System.MultiByteToWideChar
 0001:0000548C       System.NativeUIntToStrBuf
 0004:00000989       System.NeverSleepOnMMThreadContention
 0001:000053EC       System.NextMediumBlock
 0003:00000032       System.NoErrMsg
 0003:00000798       System.NonTemporalThreshold
 0001:00009384       System.NotifyAnyExcept
 0001:00009358       System.NotifyExcept
 0001:000093B8       System.NotifyExceptFinally
 0001:0000E8F4       System.NotifyModuleUnload
 0001:00009334       System.NotifyNonDelphiException
 0001:00009370       System.NotifyOnExcept
 0001:00009318       System.NotifyReRaise
 0001:000093E0       System.NotifyTerminate
 0001:000093FC       System.NotifyUnhandled
 0003:00000C1C       System.NullStr
 0003:0000004C       System.ObjCastGUID
 0001:00006B44       System.OpenText
 0004:00000340       System.Output
 0003:000007A0       System.Pow10Tab0
 0003:000008E0       System.Pow10Tab1
 0003:00000978       System.Pow10Tab2
 0003:00000C18       System.PreferredLanguagesOverride
 0005:00000008       System.PrevElementType
 0005:0000000C       System.PrevElementTypeResult
 0001:00004230       System.RaiseException
 0004:0000001C       System.RaiseExceptionProc
 0004:00000024       System.RaiseExceptObjProc
 0001:000060A0       System.RaiseList
 0005:00000000       System.RaiseListPtr
 0001:000041B8       System.ReadFile
 0001:00004954       System.ReallocateLargeBlock
 0001:00004320       System.RegCloseKey
 0004:00002BFC       System.RegisteredTypeInfoTable
 0001:0000E948       System.RegisterModule
 0001:0000FCB8       System.RegisterWeakRef
 0001:0000CBA4       System.RegisterWeakRefTypeInfo
 0001:00004328       System.RegOpenKeyEx
 0001:00004330       System.RegQueryValueEx
 0003:00000778       System.reMap
 0001:00004678       System.RemoveMediumFreeBlock
 0001:0000E870       System.RemoveModuleUnloadProc
 0001:0000E898       System.RemoveModuleUnloadProc
 0004:00000988       System.ReportMemoryLeaksOnShutdown
 0001:0000E420       System.ResouceDLLExists
 0001:00004238       System.RtlUnwind
 0004:00000020       System.RTLUnwindProc
 0003:000009D9       System.runErrMsg
 0001:000060AC       System.RunErrorAt
 0004:00000030       System.SafeCallErrorProc
 0001:00005910       System.ScanForMemoryLeaks
 0001:0000B0CC       System.SetAnsiString
 0001:0000B0B8       System.SetAnsiString
 0001:0000B0E0       System.SetCodePage
 0001:000041C0       System.SetEndOfFile
 0001:000099FC       System.SetExceptionHandler
 0001:000041C8       System.SetFilePointer
 0001:0000613C       System.SetInOutRes
 0001:0000E3C4       System.SetLocaleOverride
 0001:000042D0       System.SetThreadLocale
 0004:00002C08       System.SetThreadPreferredUILanguages
 0001:00010124       System.SetUTF8CompareLocale
 0001:00005368       System.ShowMessage
 0001:00004404       System.Sleep
 0003:00000080       System.SmallBlockTypes
 0003:00000060       System.SmallLeakDetail
 0001:0000D854       System.StringCopy
 0001:00004218       System.SwitchToThread
 0001:00005334       System.SysAllocMem
 0001:00004358       System.SysAllocStringLen
 0001:00004E24       System.SysFreeMem
 0001:00004368       System.SysFreeString
 0001:00004AA0       System.SysGetMem
 0001:0000CC58       System.SysHasWeakRef
 0001:0000501C       System.SysReallocMem
 0001:00004360       System.SysReAllocStringLen
 0001:000056BC       System.SysRegisterExpectedMemoryLeak
 0002:00000000       System.System
 0003:00000038       System.SystemThreadEndProc
 0003:00000034       System.SystemThreadFuncProc
 0001:000056FC       System.SysUnregisterExpectedMemoryLeak
 0004:0000005A       System.Test8086
 0004:00002B98       System.TestAVX
 0004:0000005C       System.TestSSE
 0001:00006C50       System.TextClose
 0001:00006974       System.TExtended80Rec.&op_Explicit
 0001:00006990       System.TExtended80Rec.&op_Explicit
 0001:0000692C       System.TExtended80Rec.BuildUp
 0001:000067A8       System.TExtended80Rec.Exponent
 0001:000066B0       System.TExtended80Rec.Fraction
 0001:00006614       System.TExtended80Rec.GetBytes
 0001:0000660C       System.TExtended80Rec.InternalGetWords
 0001:00006784       System.TExtended80Rec.Mantissa
 0001:00006634       System.TExtended80Rec.SetBytes
 0001:0000667C       System.TExtended80Rec.SetExp
 0001:00006654       System.TExtended80Rec.SetSign
 0001:00006860       System.TExtended80Rec.SpecialType
 0001:00006BC0       System.TextIn
 0001:00006C88       System.TextOpen
 0001:00006C70       System.TextOpenCleanup
 0001:00006C00       System.TextOut
 0001:000069AC       System.TGUID.&op_Equality
 0001:000069D0       System.TGUID.&op_Inequality
 0001:00006A30       System.TGUID.Create
 0001:000069EC       System.TGUID.Create
 0001:00006A68       System.TGUID.Empty
 0001:00006A78       System.TGUID.IsEmpty
 0001:0000DB94       System.ThreadUILanguages
 0001:00009F40       System.ThreadWrapper
 0001:0000F454       System.TInstBucket.AddInstItem
 0001:0000F54C       System.TInstBucket.Finalize
 0001:0000F4DC       System.TInstBucket.FindInstItem
 0001:0000F584       System.TInstBucket.Initialize
 0001:0000F598       System.TInstBucket.Lock
 0001:0000F5AC       System.TInstBucket.RemoveInstItem
 0001:0000F600       System.TInstBucket.Unlock
 0001:0000F82C       System.TInstHashMap.Destroy
 0001:0000F734       System.TInstHashMap.Finalize
 0001:0000F614       System.TInstHashMap.FreeInstItem
 0001:0000F778       System.TInstHashMap.Initialize
 0001:0000FC0C       System.TInstHashMap.IsRegistered
 0001:0000F6A0       System.TInstHashMap.NewInstItem
 0001:0000F6B8       System.TInstHashMap.PopInstItem
 0001:0000FA70       System.TInstHashMap.RegisterWeakMethodRef
 0001:0000F8DC       System.TInstHashMap.RegisterWeakRef
 0001:0000FB50       System.TInstHashMap.UnregisterWeakMethodRef
 0001:0000F9B8       System.TInstHashMap.UnregisterWeakRef
 0001:0000F198       System.TInstItem.ClearWeakRefs
 0001:0000F17C       System.TInstItem.Create
 0001:0000F248       System.TInstItem.Destroy
 0001:0000F258       System.TInstItem.Free
 0001:0000F21C       System.TInstItem.Lock
 0001:0000F2B8       System.TInstItem.RegisterRef
 0001:0000F434       System.TInstItem.RegisterWeakMethodRef
 0001:0000F41C       System.TInstItem.RegisterWeakRef
 0001:0000F234       System.TInstItem.Unlock
 0001:0000F384       System.TInstItem.UnregisterRef
 0001:0000F444       System.TInstItem.UnregisterWeakMethodRef
 0001:0000F428       System.TInstItem.UnregisterWeakRef
 0001:0000FD80       System.TInterfacedObject.AfterConstruction
 0001:0000FD8C       System.TInterfacedObject.BeforeDestruction
 0001:0000FD74       System.TInterfacedObject.GetRefCount
 0001:0000FDA0       System.TInterfacedObject.NewInstance
 0001:0000FDB0       System.TInterfacedObject.QueryInterface
 0001:0000FDD8       System.TInterfacedObject._AddRef
 0001:0000FDF4       System.TInterfacedObject._Release
 0001:00010228       System.TMarshal.AllocMem
 0001:00010664       System.TMarshal.AllocStringAsAnsi
 0001:00010750       System.TMarshal.AllocStringAsAnsi
 0001:00010774       System.TMarshal.AllocStringAsAnsi
 0001:00010640       System.TMarshal.AllocStringAsAnsi
 0001:000106E4       System.TMarshal.AllocStringAsUnicode
 0001:000107E4       System.TMarshal.AllocStringAsUtf8
 0001:00010804       System.TMarshal.AllocStringAsUtf8
 0001:000101F8       System.TMarshal.AsAnsi
 0001:00010210       System.TMarshal.AsAnsi
 0001:00010284       System.TMarshal.Copy
 0001:00010408       System.TMarshal.Copy
 0001:0001026C       System.TMarshal.Copy
 0001:00010420       System.TMarshal.Copy
 0001:000102A4       System.TMarshal.Copy
 0001:000103E4       System.TMarshal.Copy
 0001:000103CC       System.TMarshal.Copy
 0001:000103A8       System.TMarshal.Copy
 0001:00010390       System.TMarshal.Copy
 0001:0001036C       System.TMarshal.Copy
 0001:00010354       System.TMarshal.Copy
 0001:00010334       System.TMarshal.Copy
 0001:0001031C       System.TMarshal.Copy
 0001:000102F8       System.TMarshal.Copy
 0001:000102E0       System.TMarshal.Copy
 0001:000102BC       System.TMarshal.Copy
 0001:000101A0       System.TMarshal.Create
 0001:000105D0       System.TMarshal.FixString
 0001:0001025C       System.TMarshal.FreeMem
 0001:000101EC       System.TMarshal.InOutString
 0001:000101D4       System.TMarshal.InString
 0001:000105B0       System.TMarshal.Move
 0001:000101E0       System.TMarshal.OutString
 0001:00010484       System.TMarshal.ReadByte
 0001:00010490       System.TMarshal.ReadInt16
 0001:0001049C       System.TMarshal.ReadInt32
 0001:000104A8       System.TMarshal.ReadInt64
 0001:000104CC       System.TMarshal.ReadPtr
 0001:00010824       System.TMarshal.ReadStringAsAnsi
 0001:00010850       System.TMarshal.ReadStringAsAnsi
 0001:00010938       System.TMarshal.ReadStringAsAnsiUpTo
 0001:000108D0       System.TMarshal.ReadStringAsUnicode
 0001:0001097C       System.TMarshal.ReadStringAsUnicodeUpTo
 0001:00010910       System.TMarshal.ReadStringAsUtf8
 0001:000109BC       System.TMarshal.ReadStringAsUtf8UpTo
 0001:0001023C       System.TMarshal.ReallocMem
 0001:0001061C       System.TMarshal.UnfixString
 0001:00010634       System.TMarshal.UnsafeAddrOf
 0001:000105FC       System.TMarshal.UnsafeFixString
 0001:000104E4       System.TMarshal.WriteByte
 0001:000104F0       System.TMarshal.WriteByte
 0001:00010508       System.TMarshal.WriteInt16
 0001:00010514       System.TMarshal.WriteInt16
 0001:0001052C       System.TMarshal.WriteInt32
 0001:00010538       System.TMarshal.WriteInt32
 0001:00010568       System.TMarshal.WriteInt64
 0001:0001054C       System.TMarshal.WriteInt64
 0001:0001059C       System.TMarshal.WritePtr
 0001:00010584       System.TMarshal.WritePtr
 0001:00010A74       System.TMarshal.WriteStringAsAnsi
 0001:000109E4       System.TMarshal.WriteStringAsAnsi
 0001:00010A98       System.TMarshal.WriteStringAsAnsi
 0001:00010A04       System.TMarshal.WriteStringAsAnsi
 0001:00010B50       System.TMarshal.WriteStringAsUnicode
 0001:00010B14       System.TMarshal.WriteStringAsUnicode
 0001:00010BB4       System.TMarshal.WriteStringAsUtf8
 0001:00010B94       System.TMarshal.WriteStringAsUtf8
 0001:0000823C       System.TMethod.&op_Equality
 0001:00008264       System.TMethod.&op_GreaterThan
 0001:00008280       System.TMethod.&op_GreaterThanOrEqual
 0001:00008250       System.TMethod.&op_Inequality
 0001:000082AC       System.TMethod.&op_LessThan
 0001:000082C8       System.TMethod.&op_LessThanOrEqual
 0004:00000000       System.TMonitor.CacheLineSize
 0001:00008B74       System.TMonitor.CheckOwningThread
 0001:00008B8C       System.TMonitor.Create
 0001:00008C7C       System.TMonitor.DequeueWaiter
 0001:00008C04       System.TMonitor.Destroy
 0001:00008BE8       System.TMonitor.Destroy
 0001:00008D00       System.TMonitor.Enter
 0001:00008C30       System.TMonitor.Enter
 0001:00008C54       System.TMonitor.Enter
 0001:00008EE0       System.TMonitor.Exit
 0001:00008E98       System.TMonitor.Exit
 0004:00000004       System.TMonitor.FDefaultSpinCount
 0001:00008A6C       System.TMonitor.GetCacheLineSize
 0001:00008F04       System.TMonitor.GetEvent
 0001:00008F74       System.TMonitor.GetFieldAddress
 0001:00008F84       System.TMonitor.GetMonitor
 0001:00008FF4       System.TMonitor.Pulse
 0001:00008FD8       System.TMonitor.Pulse
 0001:0000904C       System.TMonitor.PulseAll
 0001:00009018       System.TMonitor.PulseAll
 0001:00009070       System.TMonitor.QueueWaiter
 0001:000090E0       System.TMonitor.RemoveWaiter
 0001:00009184       System.TMonitor.SetSpinCount
 0001:00008A60       System.TMonitor.Spin
 0001:0000919C       System.TMonitor.TryEnter
 0001:000091C0       System.TMonitor.TryEnter
 0001:00008A2C       System.TMonitor.TSpinLock.Enter
 0001:00008A58       System.TMonitor.TSpinLock.Exit
 0001:000089B4       System.TMonitor.TSpinWait.SpinCycle
 0001:00009200       System.TMonitor.Wait
 0001:000092E4       System.TMonitor.Wait
 0001:000092B8       System.TMonitor.Wait
 0001:0000FE38       System.TNoRefCountObject.QueryInterface
 0001:0000FE60       System.TNoRefCountObject._AddRef
 0001:0000FE6C       System.TNoRefCountObject._Release
 0001:00008748       System.TObject.AfterConstruction
 0001:0000874C       System.TObject.BeforeDestruction
 0001:00008148       System.TObject.ClassInfo
 0001:0000814C       System.TObject.ClassName
 0001:000081F4       System.TObject.ClassNameIs
 0001:00008200       System.TObject.ClassParent
 0001:00008144       System.TObject.ClassType
 0001:000083DC       System.TObject.CleanupInstance
 0001:000082F4       System.TObject.Create
 0001:00008744       System.TObject.DefaultHandler
 0001:00008314       System.TObject.Destroy
 0001:00008750       System.TObject.Dispatch
 0001:00008330       System.TObject.DisposeOf
 0001:00008440       System.TObject.Equals
 0001:00008860       System.TObject.FieldAddress
 0001:000088D4       System.TObject.FieldAddress
 0001:00008324       System.TObject.Free
 0001:00008228       System.TObject.FreeInstance
 0001:00008448       System.TObject.GetHashCode
 0001:0000844C       System.TObject.GetInterface
 0001:000084B0       System.TObject.GetInterfaceEntry
 0001:00008338       System.TObject.GetInterfaceTable
 0001:00008714       System.TObject.InheritsFrom
 0001:0000833C       System.TObject.InitInstance
 0001:0000820C       System.TObject.InstanceSize
 0001:0000877C       System.TObject.MethodAddress
 0001:000087EC       System.TObject.MethodAddress
 0001:00008814       System.TObject.MethodName
 0001:00008210       System.TObject.NewInstance
 0001:00008160       System.TObject.QualifiedClassName
 0001:00008728       System.TObject.SafeCallException
 0001:00008730       System.TObject.ToString
 0001:000084F4       System.TObject.UnitName
 0001:0000855C       System.TObject.UnitScope
 0001:0000DE3C       System.ToLongPath
 0001:00010170       System.TPtrWrapper.&op_Equality
 0001:00010188       System.TPtrWrapper.&op_Inequality
 0001:00010160       System.TPtrWrapper.Create
 0001:00010164       System.TPtrWrapper.Create
 0001:0001016C       System.TPtrWrapper.ToInteger
 0001:00010168       System.TPtrWrapper.ToPointer
 0001:000070A0       System.TryOpenForInput
 0001:0000775C       System.TryOpenForOutput
 0001:00004240       System.UnhandledExceptionFilter
 0001:000100F0       System.UnicodeFromLocaleChars
 0003:00000074       System.UnicodeStringBlockMessage
 0001:0000FE78       System.UnicodeToUtf8
 0001:0000A668       System.UniqueString
 0003:0000006C       System.UnknownClassNameMsg
 0001:0000E96C       System.UnregisterModule
 0001:0000FCF0       System.UnregisterWeakRef
 0001:00009A1C       System.UnsetExceptionHandler
 0001:000042F8       System.user32.dll
 0004:00002C10       System.UseThreadUILanguageAPI
 0004:00000984       System.UTF8CompareLocale
 0001:0000FFA8       System.UTF8EncodeToShortString
 0001:00008104       System.UTF8IdentLength
 0001:00008074       System.UTF8IdentStringCompare
 0001:00008038       System.UTF8IdentToString
 0001:00010034       System.UTF8ToString
 0001:0000FF18       System.Utf8ToUnicode
 0001:0000FFE0       System.UTF8ToUnicodeString
 0003:00000010       System.VarAddRefProc
 0003:0000000C       System.VarClearProc
 0003:00000014       System.VarCopyProc
 0003:00000018       System.VarToLStrProc
 0003:00000020       System.VarToUStrProc
 0003:0000001C       System.VarToWStrProc
 0001:000043C0       System.VerifyVersionInfo
 0001:000043B8       System.VerSetConditionMask
 0001:000043F4       System.VirtualAlloc
 0001:000043FC       System.VirtualFree
 0001:00004350       System.VirtualQuery
 0001:0000A234       System.WCharFromChar
 0001:000042B0       System.WideCharToMultiByte
 0001:0000440C       System.WriteConsoleFile
 0001:00009D50       System.WriteErrorMessage
 0001:000041D0       System.WriteFile
 0001:000078C0       System.WriteUnicodeFromMBCSBuffer
 0001:0000A098       System.WStrError
 0001:0000A9CC       System.WStrSet
 0001:0000B3D4       System._InitializeArrayManagedRecord
 0001:00006370       System._REP_MOVSB
 0004:00003670       System.Character..1
 0001:00013090       System.Character.bin_data
 0004:00003680       System.Character.CategoryTable
 0004:00003678       System.Character.CatIndexPrimary
 0004:0000367C       System.Character.CatIndexSecondary
 0001:0001911C       System.Character.CharTableInitialize
 0004:00003674       System.Character.DataTable
 0001:000192A0       System.Character.Finalization
 0001:0001917C       System.Character.InternalGetUnicodeCategory
 0004:00003690       System.Character.NumericValueTable
 0004:00003684       System.Character.NumIndexPrimary
 0004:00003688       System.Character.NumIndexSecondary
 0004:0000368C       System.Character.NumIndexTertiary
 0002:00000128       System.Character.System.Character
 0001:000191BC       System.Character.TCharHelper.IsLetter
 0001:00019204       System.Character.TCharHelper.IsLetterOrDigit
 0001:0001924C       System.Character.TCharHelper.IsNumber
 0001:00019290       System.Character.TCharHelper.ToUpper
 0004:00006834       System.Classes..79
 0001:00077F04       System.Classes..EClassNotFound
 0001:0007805C       System.Classes..EComponentError
 0001:00077BBC       System.Classes..EFCreateError
 0001:00077D0C       System.Classes..EFilerError
 0001:00077AB4       System.Classes..EFileStreamError
 0001:00077C64       System.Classes..EFOpenError
 0001:00077FB4       System.Classes..EInvalidImage
 0001:0007810C       System.Classes..EInvalidOperation
 0001:00082110       System.Classes..EObserverException
 0001:00077DB4       System.Classes..EReadError
 0001:00077A0C       System.Classes..EStreamError
 0001:00080784       System.Classes..EThread
 0001:00080824       System.Classes..EThreadExternalException
 0001:00077E5C       System.Classes..EWriteError
 0001:000AB00C       System.Classes..TAnonymousThread
 0001:0008228C       System.Classes..TBaseAsyncResult
 0001:00083FF8       System.Classes..TBasicAction
 0001:00083DC4       System.Classes..TBasicActionLink
 0001:0007CFEC       System.Classes..TBytesStream
 0001:0007D570       System.Classes..TClassFinder
 0001:00079B38       System.Classes..TCollection
 0001:00079984       System.Classes..TCollectionEnumerator
 0001:000796D0       System.Classes..TCollectionItem
 0001:000830A8       System.Classes..TComponent
 0001:000AEFD4       System.Classes..TComponent.Create@$ActRec
 0001:000AF52C       System.Classes..TComponent.GetObservers$ActRec
 0001:00082B9C       System.Classes..TComponent.TAsyncConstArrayFunctionResult
 0001:00082A8C       System.Classes..TComponent.TAsyncConstArrayProcedureResult
 0001:00082974       System.Classes..TComponent.TAsyncConstArrayProcResult
 0001:0008286C       System.Classes..TComponent.TAsyncConstArrayResult
 0001:00082ED0       System.Classes..TComponent.TAsyncFunctionResultEvent
 0001:00082CBC       System.Classes..TComponent.TAsyncProcedureResult
 0001:00082DCC       System.Classes..TComponent.TAsyncProcedureResultEvent
 0001:00082774       System.Classes..TComponent.TComponentAsyncResult
 0001:000817B0       System.Classes..TComponentEnumerator
 0001:0007CAD8       System.Classes..TCustomMemoryStream
 0001:000AAF28       System.Classes..TExternalThread
 0001:00095AE0       System.Classes..TFieldsCache
 0001:000959A4       System.Classes..TFieldsCache.TFields
 0001:0007D9EC       System.Classes..TFiler
 0001:0007C8D8       System.Classes..TFileStream
 0001:0007C6A4       System.Classes..THandleStream
 0001:00093D2C       System.Classes..TIntConst
 0001:00078FC0       System.Classes..TInterfaceList
 0001:00078CB0       System.Classes..TInterfaceListEnumerator
 0001:00078474       System.Classes..TList
 0001:0009BF30       System.Classes..TList.Sort$ActRec
 0001:000782DC       System.Classes..TListEnumerator
 0001:0007CD40       System.Classes..TMemoryStream
 0001:000B0E0C       System.Classes..TMultiWaitEventImpl
 0001:00081C74       System.Classes..TObservers
 0001:00079550       System.Classes..TPersistent
 0001:000A0408       System.Classes..TPropFixup
 0001:000A0644       System.Classes..TPropIntfFixup
 0001:0007E424       System.Classes..TReader
 0001:0008D87C       System.Classes..TRegGroup
 0001:0008DCE4       System.Classes..TRegGroups
 0001:0007A0E8       System.Classes..TStream
 0001:0007D158       System.Classes..TStringStream
 0001:00080B60       System.Classes..TThread
 0001:0007F824       System.Classes..TWriter
 0001:000C46E4       System.Classes..{System.Generics.Collections}@TList`1.Pack[0]$ActRec<System.Classes.TBasicActionLink>
 0001:000C3B90       System.Classes..{System.Generics.Collections}@TList`1.Pack[0]$ActRec<System.Classes.TCollectionItem>
 0001:000C42F8       System.Classes..{System.Generics.Collections}@TList`1.Pack[0]$ActRec<System.Classes.TComponent>
 0001:000C5288       System.Classes..{System.Generics.Collections}@TList`1.Pack[0]$ActRec<System.Classes.TIntConst>
 0001:000C5DBC       System.Classes..{System.Generics.Collections}@TList`1.Pack[0]$ActRec<System.Classes.TPersistent>
 0001:000C4ADC       System.Classes..{System.Generics.Collections}@TList`1.Pack[0]$ActRec<System.Classes.TPersistentClass>
 0001:000C59E8       System.Classes..{System.Generics.Collections}@TList`1.Pack[0]$ActRec<System.Classes.TPropFixup>
 0001:000C4EB8       System.Classes..{System.Generics.Collections}@TList`1.Pack[0]$ActRec<System.Classes.TRegGroup>
 0001:000C6180       System.Classes..{System.Generics.Collections}@TList`1.Pack[0]$ActRec<System.Classes.TThread>
 0001:000C37BC       System.Classes..{System.Generics.Collections}@TList`1.Pack[0]$ActRec<System.IInterface>
 0001:000C562C       System.Classes..{System.Generics.Collections}@TList`1.Pack[0]$ActRec<System.TClass>
 0001:000C3F3C       System.Classes..{System.Generics.Collections}@TList`1.Pack[0]$ActRec<System.TObject>
 0001:000C44F4       System.Classes..{System.Generics.Collections}@TList`1.Pack[1]$ActRec<System.Classes.TBasicActionLink>
 0001:000C39A4       System.Classes..{System.Generics.Collections}@TList`1.Pack[1]$ActRec<System.Classes.TCollectionItem>
 0001:000C4118       System.Classes..{System.Generics.Collections}@TList`1.Pack[1]$ActRec<System.Classes.TComponent>
 0001:000C50AC       System.Classes..{System.Generics.Collections}@TList`1.Pack[1]$ActRec<System.Classes.TIntConst>
 0001:000C5BDC       System.Classes..{System.Generics.Collections}@TList`1.Pack[1]$ActRec<System.Classes.TPersistent>
 0001:000C48EC       System.Classes..{System.Generics.Collections}@TList`1.Pack[1]$ActRec<System.Classes.TPersistentClass>
 0001:000C5808       System.Classes..{System.Generics.Collections}@TList`1.Pack[1]$ActRec<System.Classes.TPropFixup>
 0001:000C4CDC       System.Classes..{System.Generics.Collections}@TList`1.Pack[1]$ActRec<System.Classes.TRegGroup>
 0001:000C5FAC       System.Classes..{System.Generics.Collections}@TList`1.Pack[1]$ActRec<System.Classes.TThread>
 0001:000C35F4       System.Classes..{System.Generics.Collections}@TList`1.Pack[1]$ActRec<System.IInterface>
 0001:000C5470       System.Classes..{System.Generics.Collections}@TList`1.Pack[1]$ActRec<System.TClass>
 0001:000C3D80       System.Classes..{System.Generics.Collections}@TList`1.Pack[1]$ActRec<System.TObject>
 0001:0008B7C4       System.Classes..{System.Generics.Collections}TDictionary<System.Integer,System.Classes.IInterfaceList>
 0001:0008AC40       System.Classes..{System.Generics.Collections}TDictionary<System.Integer,System.Classes.IInterfaceList>.TKeyCollection
 0001:0008AA44       System.Classes..{System.Generics.Collections}TDictionary<System.Integer,System.Classes.IInterfaceList>.TKeyEnumerator
 0001:0008B5C8       System.Classes..{System.Generics.Collections}TDictionary<System.Integer,System.Classes.IInterfaceList>.TPairEnumerator
 0001:0008B394       System.Classes..{System.Generics.Collections}TDictionary<System.Integer,System.Classes.IInterfaceList>.TValueCollection
 0001:0008B194       System.Classes..{System.Generics.Collections}TDictionary<System.Integer,System.Classes.IInterfaceList>.TValueEnumerator
 0001:00096F4C       System.Classes..{System.Generics.Collections}TDictionary<System.string,System.Cardinal>
 0001:000964C0       System.Classes..{System.Generics.Collections}TDictionary<System.string,System.Cardinal>.TKeyCollection
 0001:000962E4       System.Classes..{System.Generics.Collections}TDictionary<System.string,System.Cardinal>.TKeyEnumerator
 0001:00096D6C       System.Classes..{System.Generics.Collections}TDictionary<System.string,System.Cardinal>.TPairEnumerator
 0001:00096B54       System.Classes..{System.Generics.Collections}TDictionary<System.string,System.Cardinal>.TValueCollection
 0001:00096974       System.Classes..{System.Generics.Collections}TDictionary<System.string,System.Cardinal>.TValueEnumerator
 0001:0008F600       System.Classes..{System.Generics.Collections}TDictionary<System.string,System.Classes.TPersistentClass>
 0001:0008EA68       System.Classes..{System.Generics.Collections}TDictionary<System.string,System.Classes.TPersistentClass>.TKeyCollection
 0001:0008E86C       System.Classes..{System.Generics.Collections}TDictionary<System.string,System.Classes.TPersistentClass>.TKeyEnumerator
 0001:0008F400       System.Classes..{System.Generics.Collections}TDictionary<System.string,System.Classes.TPersistentClass>.TPairEnumerator
 0001:0008F1C8       System.Classes..{System.Generics.Collections}TDictionary<System.string,System.Classes.TPersistentClass>.TValueCollection
 0001:0008EFC8       System.Classes..{System.Generics.Collections}TDictionary<System.string,System.Classes.TPersistentClass>.TValueEnumerator
 0001:00099110       System.Classes..{System.Generics.Collections}TDictionary<System.TClass,System.Classes.TFieldsCache.TFields>
 0001:00098544       System.Classes..{System.Generics.Collections}TDictionary<System.TClass,System.Classes.TFieldsCache.TFields>.TKeyCollection
 0001:00098340       System.Classes..{System.Generics.Collections}TDictionary<System.TClass,System.Classes.TFieldsCache.TFields>.TKeyEnumerator
 0001:00098F08       System.Classes..{System.Generics.Collections}TDictionary<System.TClass,System.Classes.TFieldsCache.TFields>.TPairEnumerator
 0001:00098CC8       System.Classes..{System.Generics.Collections}TDictionary<System.TClass,System.Classes.TFieldsCache.TFields>.TValueCollection
 0001:00098AC0       System.Classes..{System.Generics.Collections}TDictionary<System.TClass,System.Classes.TFieldsCache.TFields>.TValueEnumerator
 0001:00096800       System.Classes..{System.Generics.Collections}TEnumerable<System.Cardinal>
 0001:0008B004       System.Classes..{System.Generics.Collections}TEnumerable<System.Classes.IInterfaceList>
 0001:0008C2D8       System.Classes..{System.Generics.Collections}TEnumerable<System.Classes.TBasicActionLink>
 0001:00085E9C       System.Classes..{System.Generics.Collections}TEnumerable<System.Classes.TCollectionItem>
 0001:00088B0C       System.Classes..{System.Generics.Collections}TEnumerable<System.Classes.TComponent>
 0001:00098924       System.Classes..{System.Generics.Collections}TEnumerable<System.Classes.TFieldsCache.TFields>
 0001:00094004       System.Classes..{System.Generics.Collections}TEnumerable<System.Classes.TIntConst>
 0001:000A9A38       System.Classes..{System.Generics.Collections}TEnumerable<System.Classes.TPersistent>
 0001:0008EE34       System.Classes..{System.Generics.Collections}TEnumerable<System.Classes.TPersistentClass>
 0001:000A08C0       System.Classes..{System.Generics.Collections}TEnumerable<System.Classes.TPropFixup>
 0001:000913C8       System.Classes..{System.Generics.Collections}TEnumerable<System.Classes.TRegGroup>
 0001:000AB34C       System.Classes..{System.Generics.Collections}TEnumerable<System.Classes.TThread>
 0001:0008A2D4       System.Classes..{System.Generics.Collections}TEnumerable<System.Generics.Collections.TPair<System.Integer,System.Classes.IInterfaceList>>
 0001:00095F68       System.Classes..{System.Generics.Collections}TEnumerable<System.Generics.Collections.TPair<System.string,System.Cardinal>>
 0001:0008E498       System.Classes..{System.Generics.Collections}TEnumerable<System.Generics.Collections.TPair<System.string,System.Classes.TPersistentClass>>
 0001:00097B80       System.Classes..{System.Generics.Collections}TEnumerable<System.Generics.Collections.TPair<System.TClass,System.Classes.TFieldsCache.TFields>>
 0001:00084544       System.Classes..{System.Generics.Collections}TEnumerable<System.IInterface>
 0001:0008A8D4       System.Classes..{System.Generics.Collections}TEnumerable<System.Integer>
 0001:000981D0       System.Classes..{System.Generics.Collections}TEnumerable<System.TClass>
 0001:00087528       System.Classes..{System.Generics.Collections}TEnumerable<System.TObject>
 0001:000966D0       System.Classes..{System.Generics.Collections}TEnumerator<System.Cardinal>
 0001:0008AEB8       System.Classes..{System.Generics.Collections}TEnumerator<System.Classes.IInterfaceList>
 0001:0008C188       System.Classes..{System.Generics.Collections}TEnumerator<System.Classes.TBasicActionLink>
 0001:00085D50       System.Classes..{System.Generics.Collections}TEnumerator<System.Classes.TCollectionItem>
 0001:000889C8       System.Classes..{System.Generics.Collections}TEnumerator<System.Classes.TComponent>
 0001:000987CC       System.Classes..{System.Generics.Collections}TEnumerator<System.Classes.TFieldsCache.TFields>
 0001:00093EC4       System.Classes..{System.Generics.Collections}TEnumerator<System.Classes.TIntConst>
 0001:000A98F4       System.Classes..{System.Generics.Collections}TEnumerator<System.Classes.TPersistent>
 0001:0008ECE4       System.Classes..{System.Generics.Collections}TEnumerator<System.Classes.TPersistentClass>
 0001:000A077C       System.Classes..{System.Generics.Collections}TEnumerator<System.Classes.TPropFixup>
 0001:00091288       System.Classes..{System.Generics.Collections}TEnumerator<System.Classes.TRegGroup>
 0001:000AB210       System.Classes..{System.Generics.Collections}TEnumerator<System.Classes.TThread>
 0001:0008A124       System.Classes..{System.Generics.Collections}TEnumerator<System.Generics.Collections.TPair<System.Integer,System.Classes.IInterfaceList>>
 0001:00095DD8       System.Classes..{System.Generics.Collections}TEnumerator<System.Generics.Collections.TPair<System.string,System.Cardinal>>
 0001:0008E2E8       System.Classes..{System.Generics.Collections}TEnumerator<System.Generics.Collections.TPair<System.string,System.Classes.TPersistentClass>>
 0001:000979C8       System.Classes..{System.Generics.Collections}TEnumerator<System.Generics.Collections.TPair<System.TClass,System.Classes.TFieldsCache.TFields>>
 0001:00084410       System.Classes..{System.Generics.Collections}TEnumerator<System.IInterface>
 0001:0008A7A8       System.Classes..{System.Generics.Collections}TEnumerator<System.Integer>
 0001:000980A4       System.Classes..{System.Generics.Collections}TEnumerator<System.TClass>
 0001:000873FC       System.Classes..{System.Generics.Collections}TEnumerator<System.TObject>
 0001:0008C8C4       System.Classes..{System.Generics.Collections}TList<System.Classes.TBasicActionLink>
 0001:0008C700       System.Classes..{System.Generics.Collections}TList<System.Classes.TBasicActionLink>.TEnumerator
 0001:00086480       System.Classes..{System.Generics.Collections}TList<System.Classes.TCollectionItem>
 0001:000862C0       System.Classes..{System.Generics.Collections}TList<System.Classes.TCollectionItem>.TEnumerator
 0001:000890BC       System.Classes..{System.Generics.Collections}TList<System.Classes.TComponent>
 0001:00088F04       System.Classes..{System.Generics.Collections}TList<System.Classes.TComponent>.TEnumerator
 0001:000945AC       System.Classes..{System.Generics.Collections}TList<System.Classes.TIntConst>
 0001:000943F8       System.Classes..{System.Generics.Collections}TList<System.Classes.TIntConst>.TEnumerator
 0001:000A9FF0       System.Classes..{System.Generics.Collections}TList<System.Classes.TPersistent>
 0001:000A9E38       System.Classes..{System.Generics.Collections}TList<System.Classes.TPersistent>.TEnumerator
 0001:000902FC       System.Classes..{System.Generics.Collections}TList<System.Classes.TPersistentClass>
 0001:00090138       System.Classes..{System.Generics.Collections}TList<System.Classes.TPersistentClass>.TEnumerator
 0001:000A0E70       System.Classes..{System.Generics.Collections}TList<System.Classes.TPropFixup>
 0001:000A0CB8       System.Classes..{System.Generics.Collections}TList<System.Classes.TPropFixup>.TEnumerator
 0001:00091970       System.Classes..{System.Generics.Collections}TList<System.Classes.TRegGroup>
 0001:000917BC       System.Classes..{System.Generics.Collections}TList<System.Classes.TRegGroup>.TEnumerator
 0001:000AB8D8       System.Classes..{System.Generics.Collections}TList<System.Classes.TThread>
 0001:000AB728       System.Classes..{System.Generics.Collections}TList<System.Classes.TThread>.TEnumerator
 0001:00084AA4       System.Classes..{System.Generics.Collections}TList<System.IInterface>
 0001:000848FC       System.Classes..{System.Generics.Collections}TList<System.IInterface>.TEnumerator
 0001:0009A674       System.Classes..{System.Generics.Collections}TList<System.TClass>
 0001:0009A4D4       System.Classes..{System.Generics.Collections}TList<System.TClass>.TEnumerator
 0001:00087A64       System.Classes..{System.Generics.Collections}TList<System.TObject>
 0001:000878C4       System.Classes..{System.Generics.Collections}TList<System.TObject>.TEnumerator
 0001:00099A84       System.Classes..{System.Generics.Collections}TObjectDictionary<System.TClass,System.Classes.TFieldsCache.TFields>
 0001:000928A8       System.Classes..{System.Generics.Collections}TObjectList<System.Classes.TRegGroup>
 0001:000954E4       System.Classes..{System.Generics.Collections}TThreadList<System.Classes.TIntConst>
 0001:000A1DA8       System.Classes..{System.Generics.Collections}TThreadList<System.Classes.TPropFixup>
 0001:000AC808       System.Classes..{System.Generics.Collections}TThreadList<System.Classes.TThread>
 0001:00085A10       System.Classes..{System.Generics.Collections}TThreadList<System.IInterface>
 0001:000AEBD0       System.Classes..{System.Generics.Defaults}TComparer<System.Classes.TComponent>
 0001:000AEDCC       System.Classes..{System.Generics.Defaults}TDelegatedComparer<System.Classes.TComponent>
 0001:000A2320       System.Classes.AddFinished
 0001:000A2384       System.Classes.AddNotFinished
 0001:000A38C8       System.Classes.AddSubComponentsToLoaded
 0001:000A7A28       System.Classes.AncestorIsValid
 0003:000032F8       System.Classes.ApplicationHandleException
 0001:000A3910       System.Classes.CheckSubComponents
 0001:000ACC0C       System.Classes.CheckSynchronize
 0001:00093BEC       System.Classes.ClassNotFound
 0001:000AFF18       System.Classes.CleanupInstFreeList
 0001:0009B600       System.Classes.CollectionsEqual
 0001:000A3A10       System.Classes.ComponentCreated
 0001:000A5904       System.Classes.CopyBinary
 0001:000A5848       System.Classes.CopyBytes
 0001:000A57FC       System.Classes.CopyList
 0001:000A578C       System.Classes.CopySetBody
 0001:000A3A90       System.Classes.CreateComponent
 0003:00003300       System.Classes.CreateVCLComObjectProc
 0004:0000683C       System.Classes.DictComparer
 0001:000ACB38       System.Classes.DoneThreadSynchronization
 0003:00003314       System.Classes.Dummy32bitResHeader
 0001:000B0528       System.Classes.EFileStreamError.Create
 0001:0009353C       System.Classes.Error
 0004:00006874       System.Classes.ExternalThreads
 0003:00003310       System.Classes.FilerSignature
 0001:000B15B0       System.Classes.Finalization
 0001:000A7064       System.Classes.FindAncestor
 0001:00093CB8       System.Classes.FindClass
 0001:000A3C40       System.Classes.FindExistingComponent
 0001:00095930       System.Classes.FindGlobalComponent
 0004:00006844       System.Classes.FindGlobalComponentProcs
 0001:000958A8       System.Classes.FindIdentToInt
 0001:00095820       System.Classes.FindIntToIdent
 0001:000A8354       System.Classes.FindMethodName
 0001:000A220C       System.Classes.FindNestedComponent
 0001:000A7A50       System.Classes.FindProperty
 0001:000A4C6C       System.Classes.FindUniqueName
 0001:000ACB50       System.Classes.FreeExternalThreads
 0001:000AFE94       System.Classes.FreeIntConstList
 0001:00093C5C       System.Classes.GetClass
 0001:0009CDF4       System.Classes.GetComponentDesigner
 0001:000A8AA0       System.Classes.GetComponentValue
 0001:000A7B10       System.Classes.GetDefaultAttribute
 0001:0009CD5C       System.Classes.GetDesigner
 0001:00093BE0       System.Classes.GetFieldClassTable
 0001:000AFF58       System.Classes.GetFreeInstBlockItemCount
 0003:00003360       System.Classes.GetTickCount64Func
 0004:00006850       System.Classes.GlobalFixupList
 0001:000A23F8       System.Classes.GlobalFixupReferences
 0005:0000001C       System.Classes.GlobalLists
 0005:00000018       System.Classes.GlobalLoaded
 0004:00006828       System.Classes.GlobalNameSpace
 0001:000A4410       System.Classes.HandleException
 0001:000AD6A8       System.Classes.InitGetTickCount64
 0001:000ACB04       System.Classes.InitThreadSynchronization
 0004:00006878       System.Classes.InstBlockList
 0004:0000687C       System.Classes.InstFreeList
 0004:00006840       System.Classes.IntConstList
 0001:000A80D0       System.Classes.IsDefault
 0001:000A7D9C       System.Classes.IsDefaultFloatProp
 0001:000A7E90       System.Classes.IsDefaultInt64Prop
 0001:000A8274       System.Classes.IsDefaultInterfaceProp
 0001:000A83AC       System.Classes.IsDefaultMethodProp
 0001:000A8128       System.Classes.IsDefaultObjectProp
 0001:000A7CB8       System.Classes.IsDefaultOrdProp
 0001:000A8534       System.Classes.IsDefaultPropertyValue
 0001:000A7F88       System.Classes.IsDefaultStrProp
 0001:000A81A8       System.Classes.IsDefaultValue
 0001:000A844C       System.Classes.IsDefaultVariantProp
 0001:00095980       System.Classes.IsUniqueGlobalComponentName
 0004:0000682C       System.Classes.IsUniqueGlobalComponentNameProc
 0001:000AFF10       System.Classes.ModuleUnload
 0003:00003334       System.Classes.NilMethod
 0001:0009CE40       System.Classes.NotifyDesigner
 0001:000A8084       System.Classes.ObjectAncestorMatch
 0001:000A8A88       System.Classes.OwnedBy
 0003:00003340       System.Classes.Priorities
 0001:000A27FC       System.Classes.PropertyNotFound
 0001:000A44E0       System.Classes.PropPathError
 0001:000A27F0       System.Classes.PropValueError
 0001:0009BD1C       System.Classes.QuickSort
 0001:0009D988       System.Classes.RaiseException
 0001:000A5E30       System.Classes.ReadCustomVariant
 0001:0009D850       System.Classes.ReadError
 0001:0009D82C       System.Classes.ReadError
 0001:000A3A30       System.Classes.Recover
 0004:00006838       System.Classes.RegGroups
 0001:000AFF88       System.Classes.ReleaseObjectInstanceBlocks
 0001:000A2694       System.Classes.RemoveFixupReferences
 0001:000A275C       System.Classes.RemoveFixups
 0001:000A2BBC       System.Classes.RemoveGlobalFixup
 0001:000ACBD8       System.Classes.ResetSyncEvent
 0001:000A3BA0       System.Classes.SetCompName
 0001:000A2828       System.Classes.SetElementValue
 0001:000A4864       System.Classes.SetInterfaceReference
 0001:000A4770       System.Classes.SetIntIdent
 0001:000A47B8       System.Classes.SetObjectIdent
 0001:000A3998       System.Classes.SetSubComponentState
 0001:000A4808       System.Classes.SetVariantReference
 0001:000ACC00       System.Classes.SignalSyncEvent
 0001:000A5544       System.Classes.SkipBinary
 0001:000A5574       System.Classes.SkipCollection
 0001:000A5518       System.Classes.SkipList
 0004:00006830       System.Classes.SyncEvent
 0003:0000333C       System.Classes.SyncList
 0004:00006858       System.Classes.SyncTimer
 0002:00000C04       System.Classes.System.Classes
 0001:000AB170       System.Classes.TAnonymousThread.Create
 0001:000AB1C0       System.Classes.TAnonymousThread.Execute
 0001:000C1B48       System.Classes.TArray.BinarySearch<System.Classes.TBasicActionLink>
 0001:000C1710       System.Classes.TArray.BinarySearch<System.Classes.TCollectionItem>
 0001:000C19E0       System.Classes.TArray.BinarySearch<System.Classes.TComponent>
 0001:000C1F80       System.Classes.TArray.BinarySearch<System.Classes.TIntConst>
 0001:000C23B8       System.Classes.TArray.BinarySearch<System.Classes.TPersistent>
 0001:000C1CB0       System.Classes.TArray.BinarySearch<System.Classes.TPersistentClass>
 0001:000C2250       System.Classes.TArray.BinarySearch<System.Classes.TPropFixup>
 0001:000C1E18       System.Classes.TArray.BinarySearch<System.Classes.TRegGroup>
 0001:000C2520       System.Classes.TArray.BinarySearch<System.Classes.TThread>
 0001:000C15A8       System.Classes.TArray.BinarySearch<System.IInterface>
 0001:000C20E8       System.Classes.TArray.BinarySearch<System.TClass>
 0001:000C1878       System.Classes.TArray.BinarySearch<System.TObject>
 0001:000C2B50       System.Classes.TArray.QuickSort<System.Classes.TBasicActionLink>
 0001:000C279C       System.Classes.TArray.QuickSort<System.Classes.TCollectionItem>
 0001:000C2A14       System.Classes.TArray.QuickSort<System.Classes.TComponent>
 0001:000C2F04       System.Classes.TArray.QuickSort<System.Classes.TIntConst>
 0001:000C32B8       System.Classes.TArray.QuickSort<System.Classes.TPersistent>
 0001:000C2C8C       System.Classes.TArray.QuickSort<System.Classes.TPersistentClass>
 0001:000C317C       System.Classes.TArray.QuickSort<System.Classes.TPropFixup>
 0001:000C2DC8       System.Classes.TArray.QuickSort<System.Classes.TRegGroup>
 0001:000C33F4       System.Classes.TArray.QuickSort<System.Classes.TThread>
 0001:000C25F4       System.Classes.TArray.QuickSort<System.IInterface>
 0001:000C3040       System.Classes.TArray.QuickSort<System.TClass>
 0001:000C28D8       System.Classes.TArray.QuickSort<System.TObject>
 0001:000C1AE4       System.Classes.TArray.Sort<System.Classes.TBasicActionLink>
 0001:000C16AC       System.Classes.TArray.Sort<System.Classes.TCollectionItem>
 0001:000C197C       System.Classes.TArray.Sort<System.Classes.TComponent>
 0001:000C1F1C       System.Classes.TArray.Sort<System.Classes.TIntConst>
 0001:000C2354       System.Classes.TArray.Sort<System.Classes.TPersistent>
 0001:000C1C4C       System.Classes.TArray.Sort<System.Classes.TPersistentClass>
 0001:000C21EC       System.Classes.TArray.Sort<System.Classes.TPropFixup>
 0001:000C1DB4       System.Classes.TArray.Sort<System.Classes.TRegGroup>
 0001:000C24BC       System.Classes.TArray.Sort<System.Classes.TThread>
 0001:000C1544       System.Classes.TArray.Sort<System.IInterface>
 0001:000C2084       System.Classes.TArray.Sort<System.TClass>
 0001:000C1814       System.Classes.TArray.Sort<System.TObject>
 0004:0000681C       System.Classes.TBaseAsyncResult.$ClassInitFlag
 0001:000B135C       System.Classes.TBaseAsyncResult.Cancel
 0001:000B11E4       System.Classes.TBaseAsyncResult.Complete
 0001:000B12A4       System.Classes.TBaseAsyncResult.Create
 0001:000B120C       System.Classes.TBaseAsyncResult.Create
 0002:00000BEC       System.Classes.TBaseAsyncResult.Create@
 0001:000B12E0       System.Classes.TBaseAsyncResult.Destroy
 0001:000B1348       System.Classes.TBaseAsyncResult.Destroy@
 0001:000B1340       System.Classes.TBaseAsyncResult.Dispatch
 0001:000B13A8       System.Classes.TBaseAsyncResult.DoAsyncDispatch
 0001:000B1480       System.Classes.TBaseAsyncResult.DoCancel
 0001:000B1484       System.Classes.TBaseAsyncResult.GetAsyncContext
 0001:000B1488       System.Classes.TBaseAsyncResult.GetAsyncWaitEvent
 0001:000B14C4       System.Classes.TBaseAsyncResult.GetCompletedSynchronously
 0001:000B14E4       System.Classes.TBaseAsyncResult.GetIsCancelled
 0001:000B14EC       System.Classes.TBaseAsyncResult.GetIsCompleted
 0001:000B14F4       System.Classes.TBaseAsyncResult.Invoke
 0001:000B153C       System.Classes.TBaseAsyncResult.Schedule
 0001:000B154C       System.Classes.TBaseAsyncResult.SetFlagsAtomic
 0001:000B157C       System.Classes.TBaseAsyncResult.WaitForCompletion
 0001:000AFDE4       System.Classes.TBasicAction.Change
 0001:000AFC3C       System.Classes.TBasicAction.Create
 0001:000AFC80       System.Classes.TBasicAction.Destroy
 0001:000AFD40       System.Classes.TBasicAction.Execute
 0001:000AFD10       System.Classes.TBasicAction.ExecuteTarget
 0001:000AFD0C       System.Classes.TBasicAction.HandlesTarget
 0001:000AFD14       System.Classes.TBasicAction.Notification
 0001:000AFDF8       System.Classes.TBasicAction.RegisterChanges
 0001:000AFE68       System.Classes.TBasicAction.SetActionComponent
 0001:000AFD78       System.Classes.TBasicAction.SetOnExecute
 0001:000AFD08       System.Classes.TBasicAction.Suspended
 0001:000AFE10       System.Classes.TBasicAction.UnRegisterChanges
 0001:000AFD5C       System.Classes.TBasicAction.Update
 0001:000AFD3C       System.Classes.TBasicAction.UpdateTarget
 0001:000AFB28       System.Classes.TBasicActionLink.AssignClient
 0001:000AFB60       System.Classes.TBasicActionLink.Change
 0001:000AFAE4       System.Classes.TBasicActionLink.Create
 0001:000AFB2C       System.Classes.TBasicActionLink.Destroy
 0001:000AFB78       System.Classes.TBasicActionLink.Execute
 0001:000AFC0C       System.Classes.TBasicActionLink.IsOnExecuteLinked
 0001:000AFBE0       System.Classes.TBasicActionLink.SetAction
 0001:000AFC10       System.Classes.TBasicActionLink.SetOnExecute
 0001:000AFC18       System.Classes.TBasicActionLink.Update
 0001:0009FEA0       System.Classes.TBytesStream.Create
 0001:0009FF08       System.Classes.TBytesStream.Realloc
 0001:00093934       System.Classes.TClassFinder.Create
 0001:00093A8C       System.Classes.TClassFinder.Destroy
 0001:00093AB8       System.Classes.TClassFinder.GetClass
 0001:00093B58       System.Classes.TClassFinder.GetClasses
 0001:0009D190       System.Classes.TCollection.Add
 0001:0009D800       System.Classes.TCollection.Added
 0001:0009D1B0       System.Classes.TCollection.Assign
 0001:0009D280       System.Classes.TCollection.BeginUpdate
 0001:0009D284       System.Classes.TCollection.Changed
 0001:0009D294       System.Classes.TCollection.Clear
 0001:0009D308       System.Classes.TCollection.ClearAndResetID
 0001:0009D0F8       System.Classes.TCollection.Create
 0001:0009D7B0       System.Classes.TCollection.Delete
 0001:0009D804       System.Classes.TCollection.Deleting
 0001:0009D144       System.Classes.TCollection.Destroy
 0001:0009D31C       System.Classes.TCollection.EndUpdate
 0001:0009D328       System.Classes.TCollection.FindItemID
 0001:0009D370       System.Classes.TCollection.GetAttr
 0001:0009D36C       System.Classes.TCollection.GetAttrCount
 0001:0009D38C       System.Classes.TCollection.GetCapacity
 0001:0009D3BC       System.Classes.TCollection.GetCount
 0001:0009D37C       System.Classes.TCollection.GetEnumerator
 0001:0009D3C4       System.Classes.TCollection.GetItem
 0001:0009D39C       System.Classes.TCollection.GetItemAttr
 0001:0009D3E0       System.Classes.TCollection.GetNamePath
 0001:0009D494       System.Classes.TCollection.GetPropName
 0001:0009D5DC       System.Classes.TCollection.Insert
 0001:0009D5F8       System.Classes.TCollection.InsertItem
 0001:0009D808       System.Classes.TCollection.Notify
 0001:0009D7F4       System.Classes.TCollection.Owner
 0001:0009D668       System.Classes.TCollection.RemoveItem
 0001:0009D6F8       System.Classes.TCollection.SetCapacity
 0001:0009D730       System.Classes.TCollection.SetItem
 0001:0009D758       System.Classes.TCollection.SetItemName
 0001:0009D75C       System.Classes.TCollection.Sort
 0001:0009D7AC       System.Classes.TCollection.Update
 0001:0009D090       System.Classes.TCollectionEnumerator.Create
 0001:0009D0D4       System.Classes.TCollectionEnumerator.GetCurrent
 0001:0009D0E4       System.Classes.TCollectionEnumerator.MoveNext
 0001:0009CF18       System.Classes.TCollectionItem.Changed
 0001:0009CEA4       System.Classes.TCollectionItem.Create
 0001:0009CEDC       System.Classes.TCollectionItem.Destroy
 0001:0009CF64       System.Classes.TCollectionItem.GetDisplayName
 0001:0009CF38       System.Classes.TCollectionItem.GetIndex
 0001:0009CF78       System.Classes.TCollectionItem.GetNamePath
 0001:0009D028       System.Classes.TCollectionItem.GetOwner
 0001:0009CF10       System.Classes.TCollectionItem.Release
 0001:0009D02C       System.Classes.TCollectionItem.SetCollection
 0001:0009D054       System.Classes.TCollectionItem.SetDisplayName
 0001:0009D05C       System.Classes.TCollectionItem.SetIndex
 0004:00006824       System.Classes.TComponent.$ClassInitFlag
 0001:000AF1D4       System.Classes.TComponent.AddSortedComponent
 0001:000AE298       System.Classes.TComponent.AsyncSchedule
 0001:000AE2CC       System.Classes.TComponent.BeforeDestruction
 0001:000AE398       System.Classes.TComponent.BeginInvoke
 0001:000AE3CC       System.Classes.TComponent.BeginInvoke
 0001:000AE304       System.Classes.TComponent.BeginInvoke
 0001:000AE364       System.Classes.TComponent.BeginInvoke
 0001:000AE334       System.Classes.TComponent.BeginInvoke
 0001:000AE2D8       System.Classes.TComponent.BeginInvoke
 0001:000AF840       System.Classes.TComponent.CanObserve
 0001:000AF290       System.Classes.TComponent.ChangeName
 0001:000AE1FC       System.Classes.TComponent.Create
 0002:00000B64       System.Classes.TComponent.Create@
 0001:000AF08C       System.Classes.TComponent.Create@$ActRec.$0$Body
 0001:000AE910       System.Classes.TComponent.DefineProperties
 0001:000AE248       System.Classes.TComponent.Destroy
 0001:00082FE4       System.Classes.TComponent.Destroy@
 0001:000AE710       System.Classes.TComponent.DestroyComponents
 0001:000AE7B0       System.Classes.TComponent.Destroying
 0001:000AF760       System.Classes.TComponent.EndFunctionInvoke
 0001:000AF79C       System.Classes.TComponent.EndInvoke
 0001:000AF7B4       System.Classes.TComponent.ExecuteAction
 0004:00006820       System.Classes.TComponent.FComparer
 0001:000AF098       System.Classes.TComponent.FindComponent
 0001:000AF14C       System.Classes.TComponent.FindSortedComponent
 0001:000AE468       System.Classes.TComponent.FreeNotification
 0001:000AF918       System.Classes.TComponent.FreeOnRelease
 0001:000AE9B4       System.Classes.TComponent.GetChildOwner
 0001:000AE9B8       System.Classes.TComponent.GetChildParent
 0001:000AE9AC       System.Classes.TComponent.GetChildren
 0001:000AF848       System.Classes.TComponent.GetComObject
 0001:000AF320       System.Classes.TComponent.GetComponent
 0001:000AF350       System.Classes.TComponent.GetComponentCount
 0001:000AF2E4       System.Classes.TComponent.GetComponentIndex
 0001:000AF318       System.Classes.TComponent.GetDeltaStreams
 0001:000AE9BC       System.Classes.TComponent.GetEnumerator
 0001:000AE9CC       System.Classes.TComponent.GetNamePath
 0001:000AF624       System.Classes.TComponent.GetObservers
 0001:000AF60C       System.Classes.TComponent.GetObservers$ActRec.$0$Body
 0001:000AF618       System.Classes.TComponent.GetObservers$ActRec.$1$Body
 0001:000AE9E0       System.Classes.TComponent.GetOwner
 0001:000AE9E8       System.Classes.TComponent.GetParentComponent
 0001:000AE9A8       System.Classes.TComponent.HasParent
 0001:000AE51C       System.Classes.TComponent.Insert
 0001:000AE620       System.Classes.TComponent.InsertComponent
 0001:000AF9B0       System.Classes.TComponent.IntfGetComponent
 0001:000AF9B4       System.Classes.TComponent.IsImplementorOf
 0001:000AEA08       System.Classes.TComponent.Loaded
 0001:000AE89C       System.Classes.TComponent.Notification
 0001:000AF844       System.Classes.TComponent.ObserverAdded
 0001:000AF930       System.Classes.TComponent.QueryInterface
 0001:000AE4DC       System.Classes.TComponent.ReadLeft
 0001:000AEA14       System.Classes.TComponent.ReadState
 0001:000AE4F0       System.Classes.TComponent.ReadTop
 0001:000AFA38       System.Classes.TComponent.ReferenceInterface
 0001:000AE560       System.Classes.TComponent.Remove
 0001:000AE6D8       System.Classes.TComponent.RemoveComponent
 0001:000AE880       System.Classes.TComponent.RemoveFreeNotification
 0001:000AE400       System.Classes.TComponent.RemoveFreeNotifications
 0001:000AE7F8       System.Classes.TComponent.RemoveNotification
 0001:000AF900       System.Classes.TComponent.SafeCallException
 0001:000AE9E4       System.Classes.TComponent.SetChildOrder
 0001:000AF360       System.Classes.TComponent.SetComponentIndex
 0001:000AF6D0       System.Classes.TComponent.SetDesigning
 0001:000AF204       System.Classes.TComponent.SetName
 0001:000AE9EC       System.Classes.TComponent.SetParentComponent
 0001:000AF720       System.Classes.TComponent.SetReference
 0001:000AF82C       System.Classes.TComponent.SetSubComponent
 0001:000B02A4       System.Classes.TComponent.TAsyncConstArrayFunctionResult.AsyncDispatch
 0001:000B0338       System.Classes.TComponent.TAsyncConstArrayFunctionResult.Create
 0001:000B038C       System.Classes.TComponent.TAsyncConstArrayFunctionResult.GetRetVal
[...]
 0003:0000273E       System.Variants.NullStrictConvert
 0003:00002740       System.Variants.NullAsStringValue
 0003:00002744       System.Variants.PackVarCreation
 0003:00002745       System.Variants.BooleanToStringRule
 0003:00002746       System.Variants.OleVariantInt64AsDouble
 0003:00002747       System.Variants.BaseTypeMap
 0003:00002760       System.Variants.CInvalidCustomVariantType
 0003:00002764       System.Variants.CRangeToType
 0003:00002776       System.Variants.CBooleanToRelationship
 0003:00002782       System.Variants.CmpTypeMap
 0003:00002814       System.Variants.CText
 0003:0000286C       System.Variants.CTruth
 0003:00002870       System.Variants.LNextVarType
 0003:00002874       System.Variants.CRelationshipToBoolean
 0003:00002888       System.TypInfo.BooleanIdents
 0003:00002890       System.TypInfo.DotSep
 0003:00002894       System.TypInfo.IsStoredPropCA
 0003:00002898       System.TypInfo.Sizes
 0003:000028B0       System.Rtti.TMethodImplementation.TRuntimeTypeInfos.CNameTempl
 0003:000029B0       System.Rtti.Nop_Vtable
 0003:000029CC       System.Rtti.Nop_Instance_Data
 0003:000029D0       System.Rtti.Nop_Instance
 0003:000029D4       System.Rtti.Str_VTable
 0003:000029F0       System.Rtti.Intf_VTable
 0003:00002A0C       System.Rtti.TypeKindToVType
 0003:00002A24       System.Rtti.Conversions
 0003:00003268       System.Rtti.Classes
 0003:000032C4       System.Rtti.Sizes
 0003:000032DC       System.Rtti.Sizes
 0003:000032F0       System.Rtti.Kind
 0003:000032F8       System.Classes.ApplicationHandleException
 0003:00003300       System.Classes.CreateVCLComObjectProc
 0003:00003308       System.Classes.WakeMainThread
 0003:00003310       System.Classes.FilerSignature
 0003:00003314       System.Classes.Dummy32bitResHeader
 0003:00003334       System.Classes.NilMethod
 0003:0000333C       System.Classes.SyncList
 0003:00003340       System.Classes.Priorities
 0003:00003360       System.Classes.GetTickCount64Func
 0003:00003364       System.Generics.Defaults.Comparer_Vtable_I1
 0003:00003374       System.Generics.Defaults.Comparer_Vtable_U1
 0003:00003384       System.Generics.Defaults.Comparer_Vtable_I2
 0003:00003394       System.Generics.Defaults.Comparer_Vtable_U2
 0003:000033A4       System.Generics.Defaults.Comparer_Vtable_I4
 0003:000033B4       System.Generics.Defaults.Comparer_Vtable_U4
 0003:000033C4       System.Generics.Defaults.Comparer_Instance_I1
 0003:000033C8       System.Generics.Defaults.Comparer_Instance_U1
 0003:000033CC       System.Generics.Defaults.Comparer_Instance_I2
 0003:000033D0       System.Generics.Defaults.Comparer_Instance_U2
 0003:000033D4       System.Generics.Defaults.Comparer_Instance_I4
 0003:000033D8       System.Generics.Defaults.Comparer_Instance_U4
 0003:000033DC       System.Generics.Defaults.EqualityComparer_Vtable_I1
 0003:000033F0       System.Generics.Defaults.EqualityComparer_Vtable_I2
 0003:00003404       System.Generics.Defaults.EqualityComparer_Vtable_I4
 0003:00003418       System.Generics.Defaults.EqualityComparer_Instance_I1
 0003:0000341C       System.Generics.Defaults.EqualityComparer_Instance_I2
 0003:00003420       System.Generics.Defaults.EqualityComparer_Instance_I4
 0003:00003424       System.Generics.Defaults.Comparer_Vtable_I8
 0003:00003434       System.Generics.Defaults.Comparer_Instance_I8
 0003:00003438       System.Generics.Defaults.Comparer_Vtable_U8
 0003:00003448       System.Generics.Defaults.Comparer_Instance_U8
 0003:0000344C       System.Generics.Defaults.EqualityComparer_Vtable_I8
 0003:00003460       System.Generics.Defaults.EqualityComparer_Instance_I8
 0003:00003464       System.Generics.Defaults.Comparer_Vtable_R4
 0003:00003474       System.Generics.Defaults.Comparer_Instance_R4
 0003:00003478       System.Generics.Defaults.EqualityComparer_Vtable_R4
 0003:0000348C       System.Generics.Defaults.EqualityComparer_Instance_R4
 0003:00003490       System.Generics.Defaults.Comparer_Vtable_R8
 0003:000034A0       System.Generics.Defaults.Comparer_Instance_R8
 0003:000034A4       System.Generics.Defaults.EqualityComparer_Vtable_R8
 0003:000034B8       System.Generics.Defaults.EqualityComparer_Instance_R8
 0003:000034BC       System.Generics.Defaults.Comparer_Vtable_R10
 0003:000034CC       System.Generics.Defaults.Comparer_Instance_R10
 0003:000034D0       System.Generics.Defaults.EqualityComparer_Vtable_R10
 0003:000034E4       System.Generics.Defaults.EqualityComparer_Instance_R10
 0003:000034E8       System.Generics.Defaults.Comparer_Vtable_RI8
 0003:000034F8       System.Generics.Defaults.Comparer_Instance_RI8
 0003:000034FC       System.Generics.Defaults.EqualityComparer_Vtable_RI8
 0003:00003510       System.Generics.Defaults.EqualityComparer_Instance_RI8
 0003:00003514       System.Generics.Defaults.Comparer_Vtable_RC8
 0003:00003524       System.Generics.Defaults.Comparer_Instance_RC8
 0003:00003528       System.Generics.Defaults.EqualityComparer_Vtable_RC8
 0003:0000353C       System.Generics.Defaults.EqualityComparer_Instance_RC8
 0003:00003540       System.Generics.Defaults.Comparer_Vtable_Binary
 0003:00003550       System.Generics.Defaults.Comparer_Vtable_Binary_ThreeByteData
 0003:00003560       System.Generics.Defaults.Comparer_Instance_ThreeByteData
 0003:00003564       System.Generics.Defaults.EqualityComparer_Vtable_Binary
 0003:00003578       System.Generics.Defaults.EqualityComparer_Vtable_Binary_ThreeByteData
 0003:0000358C       System.Generics.Defaults.EqualityComparer_Instance_ThreeByteData
 0003:00003590       System.Generics.Defaults.Comparer_Vtable_Record_Stack
 0003:000035A0       System.Generics.Defaults.EqualityComparer_Vtable_Record_Stack
 0003:000035B4       System.Generics.Defaults.Comparer_Vtable_DynArray
 0003:000035C4       System.Generics.Defaults.EqualityComparer_Vtable_DynArray
 0003:000035D8       System.Generics.Defaults.Comparer_Vtable_PS1
 0003:000035E8       System.Generics.Defaults.Comparer_Instance_PS1
 0003:000035EC       System.Generics.Defaults.Comparer_Vtable_PS2
 0003:000035FC       System.Generics.Defaults.Comparer_Instance_PS2
 0003:00003600       System.Generics.Defaults.Comparer_Vtable_PS3
 0003:00003610       System.Generics.Defaults.Comparer_Instance_PS3
 0003:00003614       System.Generics.Defaults.Comparer_Vtable_PSn
 0003:00003624       System.Generics.Defaults.Comparer_Instance_PSn
 0003:00003628       System.Generics.Defaults.EqualityComparer_Vtable_PS1
 0003:0000363C       System.Generics.Defaults.EqualityComparer_Instance_PS1
 0003:00003640       System.Generics.Defaults.EqualityComparer_Vtable_PS2
 0003:00003654       System.Generics.Defaults.EqualityComparer_Instance_PS2
 0003:00003658       System.Generics.Defaults.EqualityComparer_Vtable_PS3
 0003:0000366C       System.Generics.Defaults.EqualityComparer_Instance_PS3
 0003:00003670       System.Generics.Defaults.EqualityComparer_Vtable_PSn
 0003:00003684       System.Generics.Defaults.EqualityComparer_Instance_PSn
 0003:00003688       System.Generics.Defaults.Comparer_Vtable_Pointer
 0003:00003698       System.Generics.Defaults.Comparer_Vtable_Class
 0003:000036A8       System.Generics.Defaults.Comparer_Vtable_LString
 0003:000036B8       System.Generics.Defaults.Comparer_Vtable_WString
 0003:000036C8       System.Generics.Defaults.Comparer_Vtable_Variant
 0003:000036D8       System.Generics.Defaults.Comparer_Vtable_UString
 0003:000036E8       System.Generics.Defaults.Comparer_Vtable_Method
 0003:000036F8       System.Generics.Defaults.Comparer_Instance_Pointer
 0003:000036FC       System.Generics.Defaults.Comparer_Instance_Class
 0003:00003700       System.Generics.Defaults.Comparer_Instance_LString
 0003:00003704       System.Generics.Defaults.Comparer_Instance_WString
 0003:00003708       System.Generics.Defaults.Comparer_Instance_Variant
 0003:0000370C       System.Generics.Defaults.Comparer_Instance_UString
 0003:00003710       System.Generics.Defaults.Comparer_Instance_Method
 0003:00003714       System.Generics.Defaults.EqualityComparer_Vtable_Pointer
 0003:00003728       System.Generics.Defaults.EqualityComparer_Vtable_Class
 0003:0000373C       System.Generics.Defaults.EqualityComparer_Vtable_LString
 0003:00003750       System.Generics.Defaults.EqualityComparer_Vtable_WString
 0003:00003764       System.Generics.Defaults.EqualityComparer_Vtable_Variant
 0003:00003778       System.Generics.Defaults.EqualityComparer_Vtable_UString
 0003:0000378C       System.Generics.Defaults.EqualityComparer_Vtable_Method
 0003:000037A0       System.Generics.Defaults.EqualityComparer_Instance_Pointer
 0003:000037A4       System.Generics.Defaults.EqualityComparer_Instance_Class
 0003:000037A8       System.Generics.Defaults.EqualityComparer_Instance_LString
 0003:000037AC       System.Generics.Defaults.EqualityComparer_Instance_WString
 0003:000037B0       System.Generics.Defaults.EqualityComparer_Instance_Variant
 0003:000037B4       System.Generics.Defaults.EqualityComparer_Instance_UString
 0003:000037B8       System.Generics.Defaults.EqualityComparer_Instance_Method
 0003:000037BC       System.Generics.Defaults.VtableInfo
 0003:0000392C       System.DateUtils.Errors
 0004:FFF2B000       SysInit.__ImageBase
 0004:00000000       System.TMonitor.CacheLineSize
 0004:00000004       System.TMonitor.FDefaultSpinCount
 0004:00000008       System.DispCallByIDProc
 0004:0000000C       System.ExceptProc
 0004:00000010       System.ErrorProc
 0004:00000014       System.ExceptClsProc
 0004:00000018       System.ExceptObjProc
 0004:0000001C       System.RaiseExceptionProc
 0004:00000020       System.RTLUnwindProc
 0004:00000024       System.RaiseExceptObjProc
 0004:00000028       System.ExceptionAcquired
 0004:0000002C       System.ExceptionClass
 0004:00000030       System.SafeCallErrorProc
 0004:00000034       System.AssertErrorProc
 0004:00000038       System.ExitProcessProc
 0004:0000003C       System.AbstractErrorProc
 0004:00000040       System.MainInstance
 0004:00000044       System.MainThreadID
 0004:00000048       System.IsLibrary
 0004:0000004C       System.CmdShow
 0004:00000050       System.CmdLine
 0004:00000054       System.ExitProc
 0004:00000058       System.IsConsole
 0004:00000059       System.IsMultiThread
 0004:0000005A       System.Test8086
 0004:0000005C       System.TestSSE
 0004:00000060       System.CPUCount
 0004:00000064       System.Input
 0004:00000340       System.Output
 0004:0000061C       System.ErrOutput
 0004:000008F8       System.MonitorSupport
 0004:000008FC       System.CPUIDTable
 0004:0000097C       System.DefaultSystemCodePage
 0004:00000980       System.DefaultUnicodeCodePage
 0004:00000984       System.UTF8CompareLocale
 0004:00000988       System.ReportMemoryLeaksOnShutdown
 0004:00000989       System.NeverSleepOnMMThreadContention
 0004:0000098C       System..81
 0004:00000990       System.AllocSize2SmallBlockTypeIndX4
 0004:00000AD6       System.MinimumBlockAlignment
 0004:00000AD8       System.MediumBlockPoolsCircularList
 0004:00000AE8       System.MediumBlocksLocked
 0004:00000AEC       System.LastSequentiallyFedMediumBlock
 0004:00000AF0       System.MediumSequentialFeedBytesLeft
 0004:00000AF4       System.MediumBlockBinGroupBitmap
 0004:00000AF8       System.MediumBlockBinBitmaps
 0004:00000B78       System.MediumBlockBins
 0004:00002B78       System.LargeBlocksLocked
 0004:00002B7C       System.LargeBlocksCircularList
 0004:00002B8C       System.ExpectedMemoryLeaks
 0004:00002B90       System.ExpectedMemoryLeaksListLocked
 0004:00002B94       System.MappingObjectHandle
 0004:00002B98       System.TestAVX
 0004:00002B9C       System.InitContext
 0004:00002BCC       System.DLLThreadContext
 0004:00002BFC       System.RegisteredTypeInfoTable
 0004:00002C04       System.GetThreadPreferredUILanguages
 0004:00002C08       System.SetThreadPreferredUILanguages
 0004:00002C0C       System.GetThreadUILanguage
 0004:00002C10       System.UseThreadUILanguageAPI
 0004:00002C14       System.CrSec
 0004:00002C2C       System.CachedLangID
 0004:00002C2E       System.CachedLanguageNames
 0004:00002CD8       System.InstHashMap
 0004:00003630       SysInit.ModuleIsCpp
 0004:00003634       SysInit.HInstance
 0004:0000363C       SysInit.dbkFCallWrapperAddr
 0004:00003640       SysInit.@_pfnDliNotifyHook2
 0004:00003644       SysInit.@_pfnDliFailureHook2
 0004:00003648       SysInit..1
 0004:0000364C       SysInit.tlsBuffer
 0004:00003650       SysInit.UseTlsAPI
 0004:00003654       System.Types.TMultiWaitEvent.FMultiEventType
 0004:00003658       System.UITypes.TColorRec.ColorToRGB
 0004:0000365C       System.UITypes..2
 0004:00003660       Winapi.Windows..2
 0004:00003664       Winapi.Windows.HtmlHelpModule
 0004:00003668       Winapi.PsAPI..1
 0004:0000366C       Winapi.PsAPI.hPSAPI
 0004:00003670       System.Character..1
 0004:00003674       System.Character.DataTable
 0004:00003678       System.Character.CatIndexPrimary
 0004:0000367C       System.Character.CatIndexSecondary
 0004:00003680       System.Character.CategoryTable
 0004:00003684       System.Character.NumIndexPrimary
 0004:00003688       System.Character.NumIndexSecondary
 0004:0000368C       System.Character.NumIndexTertiary
 0004:00003690       System.Character.NumericValueTable
 0004:00003694       System.Internal.ExcUtils..2
 0004:00003698       System.SysUtils.TLanguages.$ClassInitFlag
 0004:0000369C       System.SysUtils.Exception.$ClassInitFlag
 0004:000036A0       System.SysUtils.Exception.GetExceptionStackInfoProc
 0004:000036A4       System.SysUtils.Exception.GetStackInfoStringProc
 0004:000036A8       System.SysUtils.Exception.CleanUpStackInfoProc
 0004:000036AC       System.SysUtils.SysLocale
 0004:000036BC       System.SysUtils.FormatSettings
 0004:00003788       System.SysUtils.TrueBoolStrs
 0004:0000378C       System.SysUtils.FalseBoolStrs
 0004:00003790       System.SysUtils.TEncoding.FANSIEncoding
 0004:00003794       System.SysUtils.TEncoding.FASCIIEncoding
 0004:00003798       System.SysUtils.TEncoding.FBigEndianUnicodeEncoding
 0004:0000379C       System.SysUtils.TEncoding.FUnicodeEncoding
 0004:000037A0       System.SysUtils.TEncoding.FUTF7Encoding
 0004:000037A4       System.SysUtils.TEncoding.FUTF8Encoding
 0004:000037A8       System.SysUtils.TEncoding.$ClassInitFlag
 0004:000037AC       System.SysUtils.TOSVersion.FArchitecture
 0004:000037B0       System.SysUtils.TOSVersion.FBuild
 0004:000037B4       System.SysUtils.TOSVersion.FMajor
 0004:000037B8       System.SysUtils.TOSVersion.FMinor
 0004:000037BC       System.SysUtils.TOSVersion.FName
 0004:000037C0       System.SysUtils.TOSVersion.FPlatform
 0004:000037C4       System.SysUtils.TOSVersion.FServicePackMajor
 0004:000037C8       System.SysUtils.TOSVersion.FServicePackMinor
 0004:000037CC       System.SysUtils.TOSVersion.$ClassInitFlag
 0004:000037D0       System.SysUtils..27
 0004:000037D4       System.SysUtils.NTQueryObject
 0004:000037D8       System.SysUtils.GEraData
 0004:000037E0       System.SysUtils.InternalFormatSettingsLock
 0004:000037E4       System.SysUtils.OutOfMemory
 0004:000037E8       System.SysUtils.InvalidPointer
 0004:000037EC       System.SysUtils.SyncEventCache
 0004:000038EC       System.SysUtils.InitPlatformIdLock
 0004:000038F0       System.SysUtils._Win32CSDVersion
 0004:000038F4       System.SysUtils._Win32OSVersion
 0004:000038F8       System.SysUtils.CompareStringOrdinalPtr
 0004:000038FC       System.SysUtils.RtlCompareUnicodeStringPtr
 0004:00003900       System.SysUtils.ValidatedUnitHashBuckets
 0004:000048F4       System.SysUtils.UnitHashBuckets
 0004:000058E8       System.SysUtils.InitDriveSpaceLock
 0004:000058EC       System.SysUtils.FLanguages
 0004:000058F0       System.SysUtils.LanguageArray
 0004:000058F4       System.SysUtils.ResStringCritSect
 0004:0000590C       System.SysUtils.ResStringModuleHash
 0004:00005D0C       System.Math..2
 0004:00005D10       System.VarUtils.VariantChangeTypeEx
 0004:00005D14       System.VarUtils.VarNeg
 0004:00005D18       System.VarUtils.VarNot
 0004:00005D1C       System.VarUtils.VarAdd
 0004:00005D20       System.VarUtils.VarSub
 0004:00005D24       System.VarUtils.VarMul
 0004:00005D28       System.VarUtils.VarDiv
 0004:00005D2C       System.VarUtils.VarIDiv
 0004:00005D30       System.VarUtils.VarMod
 0004:00005D34       System.VarUtils.VarAnd
 0004:00005D38       System.VarUtils.VarOr
 0004:00005D3C       System.VarUtils.VarXor
 0004:00005D40       System.VarUtils.VarCmp
 0004:00005D44       System.VarUtils.VarI4FromStr
 0004:00005D48       System.VarUtils.VarR4FromStr
 0004:00005D4C       System.VarUtils.VarR8FromStr
 0004:00005D50       System.VarUtils.VarDateFromStr
 0004:00005D54       System.VarUtils.VarCyFromStr
 0004:00005D58       System.VarUtils.VarBoolFromStr
 0004:00005D5C       System.VarUtils.VarBstrFromCy
 0004:00005D60       System.VarUtils.VarBstrFromDate
 0004:00005D64       System.VarUtils.VarBstrFromBool
 0004:00005D68       System.VarUtils..5
 0004:00005D6C       System.Variants.VarDispProc
 0004:00005D70       System.Variants.ClearAnyProc
 0004:00005D74       System.Variants.ChangeAnyProc
 0004:00005D78       System.Variants.RefAnyProc
 0004:00005D7C       System.Variants..81
 0004:00005D80       System.Variants.VarBooleanStr
 0004:00005D98       System.Variants.ByteShortToStr
 0004:00006398       System.Variants.LVarTypes
 0004:0000639C       System.Variants.LVarTypeSync
 0004:000063A0       System.TypInfo..5
 0004:000063A4       System.TypInfo.EnumAliases
 0004:000067A8       System.Rtti.TValue.FEmpty
 0004:000067C0       System.Rtti.TValue.$ClassInitFlag
 0004:000067C4       System.Rtti..34
 0004:000067C8       System.Rtti.FCodeHeap
 0004:000067CC       System.Rtti.ModListRemovals
 0004:000067D0       System.Rtti.Pool
 0004:000067D4       System.Rtti.PoolRefCount
 0004:000067D8       System.Rtti._PoolLock
 0004:000067E0       System.Rtti._GlobalContext
 0004:000067F0       System.Rtti._CodeHeap
 0004:000067F8       System.Diagnostics.TStopwatch.FFrequency
 0004:00006800       System.Diagnostics.TStopwatch.FIsHighResolution
 0004:00006808       System.Diagnostics.TStopwatch.TickFrequency
 0004:00006810       System.Classes.TThread.FProcessorCount
 0004:00006814       System.Classes.TThread.FOnSynchronize
 0004:00006818       System.Classes.TThread.$ClassInitFlag
 0004:0000681C       System.Classes.TBaseAsyncResult.$ClassInitFlag
 0004:00006820       System.Classes.TComponent.FComparer
 0004:00006824       System.Classes.TComponent.$ClassInitFlag
 0004:00006828       System.Classes.GlobalNameSpace
 0004:0000682C       System.Classes.IsUniqueGlobalComponentNameProc
 0004:00006830       System.Classes.SyncEvent
 0004:00006834       System.Classes..79
 0004:00006838       System.Classes.RegGroups
 0004:0000683C       System.Classes.DictComparer
 0004:00006840       System.Classes.IntConstList
 0004:00006844       System.Classes.FindGlobalComponentProcs
 0004:00006848       System.Classes.TFieldsCache.FGlobal
 0004:0000684C       System.Classes.TFieldsCache.$ClassInitFlag
 0004:00006850       System.Classes.GlobalFixupList
 0004:00006858       System.Classes.SyncTimer
 0004:00006870       System.Classes.ThreadLock
 0004:00006874       System.Classes.ExternalThreads
 0004:00006878       System.Classes.InstBlockList
 0004:0000687C       System.Classes.InstFreeList
 0004:00006880       System.Generics.Defaults.TStringComparer.FOrdinal
 0004:00006884       System.Generics.Defaults.TStringComparer.$ClassInitFlag
 0004:00006888       System.DateUtils..4
 0005:00000000       System.RaiseListPtr
 0005:00000004       System.InOutRes
 0005:00000008       System.PrevElementType
 0005:0000000C       System.PrevElementTypeResult
 0005:00000010       System.SysUtils.FTempLanguages
 0005:00000014       System.Classes.TThread.FCurrentThread
 0005:00000018       System.Classes.GlobalLoaded
 0005:0000001C       System.Classes.GlobalLists
 0005:00000020       SysInit.TlsLast

Bound resource files

UnixTimeTest.drf


Program entry point at 0002:00000CF0
